
Discarded input sections

 .note.GNU-stack
                0x00000000        0x0 /usr/lib/gcc/arm-linux-gnueabihf/8/../../../arm-linux-gnueabihf/crti.o
 .note.GNU-stack
                0x00000000        0x0 /usr/lib/gcc/arm-linux-gnueabihf/8/crtbeginS.o
 .group         0x00000000       0x18 LINUX/depdom/AttrImpl.o
 .group         0x00000000       0x2c LINUX/depdom/AttrImpl.o
 .group         0x00000000       0x1c LINUX/depdom/AttrImpl.o
 .group         0x00000000       0x1c LINUX/depdom/AttrImpl.o
 .group         0x00000000        0x8 LINUX/depdom/AttrImpl.o
 .group         0x00000000        0xc LINUX/depdom/AttrImpl.o
 .group         0x00000000        0xc LINUX/depdom/AttrImpl.o
 .note.GNU-stack
                0x00000000        0x0 LINUX/depdom/AttrImpl.o
 .note.GNU-stack
                0x00000000        0x0 LINUX/depdom/DOM_CharacterData.o
 .note.GNU-stack
                0x00000000        0x0 LINUX/depdom/NodeListImpl.o
 .group         0x00000000       0x14 LINUX/depdom/AttrMapImpl.o
 .group         0x00000000       0x14 LINUX/depdom/AttrMapImpl.o
 .note.GNU-stack
                0x00000000        0x0 LINUX/depdom/AttrMapImpl.o
 .note.GNU-stack
                0x00000000        0x0 LINUX/depdom/DOM_Notation.o
 .note.GNU-stack
                0x00000000        0x0 LINUX/depdom/NodeVector.o
 .note.GNU-stack
                0x00000000        0x0 LINUX/depdom/DOMString.o
 .note.GNU-stack
                0x00000000        0x0 LINUX/depdom/ElementImpl.o
 .note.GNU-stack
                0x00000000        0x0 LINUX/depdom/DOM_DocumentType.o
 .note.GNU-stack
                0x00000000        0x0 LINUX/depdom/DOM_Range.o
 .note.GNU-stack
                0x00000000        0x0 LINUX/depdom/DocumentTypeImpl.o
 .group         0x00000000       0x2c LINUX/depdom/AttrNSImpl.o
 .note.GNU-stack
                0x00000000        0x0 LINUX/depdom/AttrNSImpl.o
 .group         0x00000000       0x18 LINUX/depdom/NodeIDMap.o
 .group         0x00000000       0x2c LINUX/depdom/NodeIDMap.o
 .group         0x00000000       0x1c LINUX/depdom/NodeIDMap.o
 .group         0x00000000        0x8 LINUX/depdom/NodeIDMap.o
 .group         0x00000000        0xc LINUX/depdom/NodeIDMap.o
 .group         0x00000000        0x8 LINUX/depdom/NodeIDMap.o
 .group         0x00000000        0xc LINUX/depdom/NodeIDMap.o
 .group         0x00000000        0xc LINUX/depdom/NodeIDMap.o
 .note.GNU-stack
                0x00000000        0x0 LINUX/depdom/NodeIDMap.o
 .note.GNU-stack
                0x00000000        0x0 LINUX/depdom/DOM_Comment.o
 .note.GNU-stack
                0x00000000        0x0 LINUX/depdom/DOM_NamedNodeMap.o
 .group         0x00000000       0x18 LINUX/depdom/DOMParser.o
 .group         0x00000000       0x18 LINUX/depdom/DOMParser.o
 .group         0x00000000       0x18 LINUX/depdom/DOMParser.o
 .group         0x00000000       0x14 LINUX/depdom/DOMParser.o
 .group         0x00000000       0x14 LINUX/depdom/DOMParser.o
 .group         0x00000000       0x14 LINUX/depdom/DOMParser.o
 .group         0x00000000       0x14 LINUX/depdom/DOMParser.o
 .group         0x00000000       0x14 LINUX/depdom/DOMParser.o
 .group         0x00000000       0x2c LINUX/depdom/DOMParser.o
 .group         0x00000000       0x2c LINUX/depdom/DOMParser.o
 .group         0x00000000       0x2c LINUX/depdom/DOMParser.o
 .group         0x00000000       0x1c LINUX/depdom/DOMParser.o
 .group         0x00000000       0x1c LINUX/depdom/DOMParser.o
 .group         0x00000000       0x1c LINUX/depdom/DOMParser.o
 .group         0x00000000       0x1c LINUX/depdom/DOMParser.o
 .group         0x00000000       0x1c LINUX/depdom/DOMParser.o
 .group         0x00000000       0x1c LINUX/depdom/DOMParser.o
 .group         0x00000000       0x1c LINUX/depdom/DOMParser.o
 .group         0x00000000       0x18 LINUX/depdom/DOMParser.o
 .group         0x00000000        0x8 LINUX/depdom/DOMParser.o
 .group         0x00000000        0xc LINUX/depdom/DOMParser.o
 .group         0x00000000        0x8 LINUX/depdom/DOMParser.o
 .group         0x00000000        0xc LINUX/depdom/DOMParser.o
 .group         0x00000000        0x8 LINUX/depdom/DOMParser.o
 .group         0x00000000        0xc LINUX/depdom/DOMParser.o
 .group         0x00000000        0x8 LINUX/depdom/DOMParser.o
 .group         0x00000000        0xc LINUX/depdom/DOMParser.o
 .group         0x00000000        0x8 LINUX/depdom/DOMParser.o
 .group         0x00000000        0xc LINUX/depdom/DOMParser.o
 .group         0x00000000        0x8 LINUX/depdom/DOMParser.o
 .group         0x00000000        0xc LINUX/depdom/DOMParser.o
 .group         0x00000000        0x8 LINUX/depdom/DOMParser.o
 .group         0x00000000        0xc LINUX/depdom/DOMParser.o
 .group         0x00000000        0x8 LINUX/depdom/DOMParser.o
 .group         0x00000000        0xc LINUX/depdom/DOMParser.o
 .group         0x00000000        0x8 LINUX/depdom/DOMParser.o
 .group         0x00000000        0xc LINUX/depdom/DOMParser.o
[...]
Memory Configuration

Name             Origin             Length             Attributes
*default*        0x00000000         0xffffffff

Linker script and memory map

LOAD /usr/lib/gcc/arm-linux-gnueabihf/8/../../../arm-linux-gnueabihf/crti.o
LOAD /usr/lib/gcc/arm-linux-gnueabihf/8/crtbeginS.o
LOAD LINUX/depdom/AttrImpl.o
LOAD LINUX/depdom/DOM_CharacterData.o
LOAD LINUX/depdom/NodeListImpl.o
LOAD LINUX/depdom/AttrMapImpl.o
LOAD LINUX/depdom/DOM_Notation.o
LOAD LINUX/depdom/NodeVector.o
LOAD LINUX/depdom/DOMString.o
LOAD LINUX/depdom/ElementImpl.o
LOAD LINUX/depdom/DOM_DocumentType.o
LOAD LINUX/depdom/DOM_Range.o
LOAD LINUX/depdom/DocumentTypeImpl.o
LOAD LINUX/depdom/AttrNSImpl.o
LOAD LINUX/depdom/NodeIDMap.o
LOAD LINUX/depdom/DOM_Comment.o
LOAD LINUX/depdom/DOM_NamedNodeMap.o
LOAD LINUX/depdom/DOMParser.o
LOAD LINUX/depdom/EntityReferenceImpl.o
LOAD LINUX/depdom/RangeImpl.o
LOAD LINUX/depdom/DOM_Node.o
LOAD LINUX/depdom/CommentImpl.o
LOAD LINUX/depdom/DomMemDebug.o
LOAD LINUX/depdom/DOM_XMLDecl.o
LOAD LINUX/depdom/NamedNodeMapImpl.o
LOAD LINUX/depdom/TreeWalkerImpl.o
LOAD LINUX/depdom/DOM_Element.o
LOAD LINUX/depdom/DOM_Attr.o
LOAD LINUX/depdom/ElementNSImpl.o
LOAD LINUX/depdom/DeepNodeListImpl.o
LOAD LINUX/depdom/DOM_DocumentFragment.o
LOAD LINUX/depdom/XMLDeclImpl.o
LOAD LINUX/depdom/DOM_Entity.o
LOAD LINUX/depdom/CDATASectionImpl.o
LOAD LINUX/depdom/ProcessingInstructionImpl.o
LOAD LINUX/depdom/EntityImpl.o
LOAD LINUX/depdom/DOM_Document.o
LOAD LINUX/depdom/DOM_NodeList.o
LOAD LINUX/depdom/DocumentImpl.o
LOAD LINUX/depdom/DOM_NodeIterator.o
LOAD LINUX/depdom/DOM_TreeWalker.o
LOAD LINUX/depdom/DocumentFragmentImpl.o
LOAD LINUX/depdom/DOM_ProcessingInstruction.o
LOAD LINUX/depdom/NotationImpl.o
LOAD LINUX/depdom/DOM_Text.o
LOAD LINUX/depdom/TextImpl.o
LOAD LINUX/depdom/ParentNode.o
LOAD LINUX/depdom/DOM_NodeFilter.o
LOAD LINUX/depdom/NodeIteratorImpl.o
LOAD LINUX/depdom/ChildNode.o
LOAD LINUX/depdom/RefCountedImpl.o
LOAD LINUX/depdom/DOM_CDATASection.o
LOAD LINUX/depdom/ElementDefinitionImpl.o
LOAD LINUX/depdom/DOM_RangeException.o
LOAD LINUX/depdom/DOM_DOMImplementation.o
LOAD LINUX/depdom/DOM_EntityReference.o
LOAD LINUX/depdom/DOM_DOMException.o
LOAD LINUX/depdom/NodeImpl.o
LOAD LINUX/depdom/DStringPool.o
LOAD LINUX/depdom/CharacterDataImpl.o
LOAD /usr/lib/gcc/arm-linux-gnueabihf/8/../../../arm-linux-gnueabihf/libpthread.so
LOAD /usr/local/lib/libxerces-c.so
LOAD /usr/lib/gcc/arm-linux-gnueabihf/8/libstdc++.so
LOAD /usr/lib/gcc/arm-linux-gnueabihf/8/../../../arm-linux-gnueabihf/libm.so
LOAD /usr/lib/gcc/arm-linux-gnueabihf/8/libgcc_s.so
START GROUP
LOAD /usr/lib/gcc/arm-linux-gnueabihf/8/libgcc_s.so.1
LOAD /usr/lib/gcc/arm-linux-gnueabihf/8/libgcc.a
END GROUP
LOAD /usr/lib/gcc/arm-linux-gnueabihf/8/../../../arm-linux-gnueabihf/libc.so
START GROUP
LOAD //lib/arm-linux-gnueabihf/libc.so.6
LOAD //usr/lib/arm-linux-gnueabihf/libc_nonshared.a
LOAD //lib/arm-linux-gnueabihf/ld-linux-armhf.so.3
END GROUP
LOAD /usr/lib/gcc/arm-linux-gnueabihf/8/libgcc_s.so
START GROUP
LOAD /usr/lib/gcc/arm-linux-gnueabihf/8/libgcc_s.so.1
LOAD /usr/lib/gcc/arm-linux-gnueabihf/8/libgcc.a
END GROUP
LOAD /usr/lib/gcc/arm-linux-gnueabihf/8/crtendS.o
LOAD /usr/lib/gcc/arm-linux-gnueabihf/8/../../../arm-linux-gnueabihf/crtn.o
                0x00000114                . = (SEGMENT_START ("text-segment", 0x0) + SIZEOF_HEADERS)

.note.gnu.build-id
                0x00000114       0x24
 *(.note.gnu.build-id)
 .note.gnu.build-id
                0x00000114       0x24 linker stubs

.hash
 *(.hash)

.gnu.hash       0x00000138     0x2c0c
 *(.gnu.hash)
 .gnu.hash      0x00000138     0x2c0c /usr/lib/gcc/arm-linux-gnueabihf/8/../../../arm-linux-gnueabihf/crti.o

.dynsym         0x00002d44     0x6740
 *(.dynsym)
 .dynsym        0x00002d44     0x6740 /usr/lib/gcc/arm-linux-gnueabihf/8/../../../arm-linux-gnueabihf/crti.o

.dynstr         0x00009484    0x13985
 *(.dynstr)
 .dynstr        0x00009484    0x13985 /usr/lib/gcc/arm-linux-gnueabihf/8/../../../arm-linux-gnueabihf/crti.o

.gnu.version    0x0001ce0a      0xce8
 *(.gnu.version)
 .gnu.version   0x0001ce0a      0xce8 /usr/lib/gcc/arm-linux-gnueabihf/8/../../../arm-linux-gnueabihf/crti.o

.gnu.version_d  0x0001daf4        0x0
 *(.gnu.version_d)
 .gnu.version_d
                0x0001daf4        0x0 /usr/lib/gcc/arm-linux-gnueabihf/8/../../../arm-linux-gnueabihf/crti.o

.gnu.version_r  0x0001daf4       0x90
 *(.gnu.version_r)
 .gnu.version_r
                0x0001daf4       0x90 /usr/lib/gcc/arm-linux-gnueabihf/8/../../../arm-linux-gnueabihf/crti.o

.rel.dyn        0x0001db84     0x3430
 *(.rel.init)
 *(.rel.text .rel.text.* .rel.gnu.linkonce.t.*)
 .rel.text      0x0001db84        0x0 /usr/lib/gcc/arm-linux-gnueabihf/8/../../../arm-linux-gnueabihf/crti.o
 *(.rel.fini)
 *(.rel.rodata .rel.rodata.* .rel.gnu.linkonce.r.*)
 *(.rel.data.rel.ro .rel.data.rel.ro.* .rel.gnu.linkonce.d.rel.ro.*)
 .rel.data.rel.ro._ZTIN11xercesc_2_630ArrayIndexOutOfBoundsExceptionE
                0x0001db84       0x18 /usr/lib/gcc/arm-linux-gnueabihf/8/../../../arm-linux-gnueabihf/crti.o
 .rel.data.rel.ro._ZTVN11xercesc_2_630ArrayIndexOutOfBoundsExceptionE
                0x0001db9c       0x28 /usr/lib/gcc/arm-linux-gnueabihf/8/../../../arm-linux-gnueabihf/crti.o
 .rel.data.rel.ro
                0x0001dbc4     0x2b18 /usr/lib/gcc/arm-linux-gnueabihf/8/../../../arm-linux-gnueabihf/crti.o
 .rel.data.rel.ro._ZTIN11xercesc_2_67XMemoryE
                0x000206dc       0x10 /usr/lib/gcc/arm-linux-gnueabihf/8/../../../arm-linux-gnueabihf/crti.o
 .rel.data.rel.ro._ZTIN11xercesc_2_616RuntimeExceptionE
                0x000206ec       0x18 /usr/lib/gcc/arm-linux-gnueabihf/8/../../../arm-linux-gnueabihf/crti.o
 .rel.data.rel.ro._ZTVN11xercesc_2_616RuntimeExceptionE
                0x00020704       0x28 /usr/lib/gcc/arm-linux-gnueabihf/8/../../../arm-linux-gnueabihf/crti.o
 .rel.data.rel.ro._ZTIN11xercesc_2_616XMLErrorReporterE
                0x0002072c       0x10 /usr/lib/gcc/arm-linux-gnueabihf/8/../../../arm-linux-gnueabihf/crti.o
 .rel.data.rel.ro._ZTIN11xercesc_2_619EmptyStackExceptionE
                0x0002073c       0x18 /usr/lib/gcc/arm-linux-gnueabihf/8/../../../arm-linux-gnueabihf/crti.o
 .rel.data.rel.ro._ZTIN11xercesc_2_611IOExceptionE
                0x00020754       0x18 /usr/lib/gcc/arm-linux-gnueabihf/8/../../../arm-linux-gnueabihf/crti.o
 .rel.data.rel.ro._ZTIN11xercesc_2_618XMLDocumentHandlerE
                0x0002076c       0x10 /usr/lib/gcc/arm-linux-gnueabihf/8/../../../arm-linux-gnueabihf/crti.o
 .rel.data.rel.ro._ZTIN11xercesc_2_616XMLEntityHandlerE
                0x0002077c       0x10 /usr/lib/gcc/arm-linux-gnueabihf/8/../../../arm-linux-gnueabihf/crti.o
 .rel.data.rel.ro._ZTIN11xercesc_2_614DocTypeHandlerE
                0x0002078c       0x10 /usr/lib/gcc/arm-linux-gnueabihf/8/../../../arm-linux-gnueabihf/crti.o
 .rel.data.rel.ro._ZTIN11xercesc_2_620OutOfMemoryExceptionE
                0x0002079c       0x18 /usr/lib/gcc/arm-linux-gnueabihf/8/../../../arm-linux-gnueabihf/crti.o
 .rel.data.rel.ro._ZTVN11xercesc_2_619EmptyStackExceptionE
                0x000207b4       0x28 /usr/lib/gcc/arm-linux-gnueabihf/8/../../../arm-linux-gnueabihf/crti.o
 .rel.data.rel.ro._ZTVN11xercesc_2_611IOExceptionE
                0x000207dc       0x28 /usr/lib/gcc/arm-linux-gnueabihf/8/../../../arm-linux-gnueabihf/crti.o
 .rel.data.rel.ro._ZTIN11xercesc_2_615BaseRefVectorOfINS_8NodeImplEEE
                0x00020804       0x18 /usr/lib/gcc/arm-linux-gnueabihf/8/../../../arm-linux-gnueabihf/crti.o
 .rel.data.rel.ro._ZTIN11xercesc_2_611RefVectorOfINS_8NodeImplEEE
                0x0002081c       0x18 /usr/lib/gcc/arm-linux-gnueabihf/8/../../../arm-linux-gnueabihf/crti.o
 .rel.data.rel.ro._ZTVN11xercesc_2_615BaseRefVectorOfINS_8NodeImplEEE
                0x00020834       0x40 /usr/lib/gcc/arm-linux-gnueabihf/8/../../../arm-linux-gnueabihf/crti.o
 .rel.data.rel.ro._ZTVN11xercesc_2_611RefVectorOfINS_8NodeImplEEE
                0x00020874       0x40 /usr/lib/gcc/arm-linux-gnueabihf/8/../../../arm-linux-gnueabihf/crti.o
 .rel.data.rel.ro._ZTIN11xercesc_2_624IllegalArgumentExceptionE
                0x000208b4       0x18 /usr/lib/gcc/arm-linux-gnueabihf/8/../../../arm-linux-gnueabihf/crti.o
 .rel.data.rel.ro._ZTIN11xercesc_2_622NoSuchElementExceptionE
                0x000208cc       0x18 /usr/lib/gcc/arm-linux-gnueabihf/8/../../../arm-linux-gnueabihf/crti.o
 .rel.data.rel.ro._ZTIN11xercesc_2_615BaseRefVectorOfINS_16NodeIteratorImplEEE
                0x000208e4       0x18 /usr/lib/gcc/arm-linux-gnueabihf/8/../../../arm-linux-gnueabihf/crti.o
 .rel.data.rel.ro._ZTIN11xercesc_2_611RefVectorOfINS_16NodeIteratorImplEEE
                0x000208fc       0x18 /usr/lib/gcc/arm-linux-gnueabihf/8/../../../arm-linux-gnueabihf/crti.o
 .rel.data.rel.ro._ZTIN11xercesc_2_615BaseRefVectorOfINS_14TreeWalkerImplEEE
                0x00020914       0x18 /usr/lib/gcc/arm-linux-gnueabihf/8/../../../arm-linux-gnueabihf/crti.o
 .rel.data.rel.ro._ZTIN11xercesc_2_611RefVectorOfINS_14TreeWalkerImplEEE
                0x0002092c       0x18 /usr/lib/gcc/arm-linux-gnueabihf/8/../../../arm-linux-gnueabihf/crti.o
 .rel.data.rel.ro._ZTIN11xercesc_2_615BaseRefVectorOfINS_9RangeImplEEE
                0x00020944       0x18 /usr/lib/gcc/arm-linux-gnueabihf/8/../../../arm-linux-gnueabihf/crti.o
 .rel.data.rel.ro._ZTIN11xercesc_2_611RefVectorOfINS_9RangeImplEEE
                0x0002095c       0x18 /usr/lib/gcc/arm-linux-gnueabihf/8/../../../arm-linux-gnueabihf/crti.o
 .rel.data.rel.ro._ZTVN11xercesc_2_624IllegalArgumentExceptionE
                0x00020974       0x28 /usr/lib/gcc/arm-linux-gnueabihf/8/../../../arm-linux-gnueabihf/crti.o
 .rel.data.rel.ro._ZTVN11xercesc_2_622NoSuchElementExceptionE
                0x0002099c       0x28 /usr/lib/gcc/arm-linux-gnueabihf/8/../../../arm-linux-gnueabihf/crti.o
 .rel.data.rel.ro._ZTVN11xercesc_2_615BaseRefVectorOfINS_16NodeIteratorImplEEE
                0x000209c4       0x40 /usr/lib/gcc/arm-linux-gnueabihf/8/../../../arm-linux-gnueabihf/crti.o
 .rel.data.rel.ro._ZTVN11xercesc_2_611RefVectorOfINS_16NodeIteratorImplEEE
                0x00020a04       0x40 /usr/lib/gcc/arm-linux-gnueabihf/8/../../../arm-linux-gnueabihf/crti.o
 .rel.data.rel.ro._ZTVN11xercesc_2_615BaseRefVectorOfINS_14TreeWalkerImplEEE
                0x00020a44       0x40 /usr/lib/gcc/arm-linux-gnueabihf/8/../../../arm-linux-gnueabihf/crti.o
 .rel.data.rel.ro._ZTVN11xercesc_2_611RefVectorOfINS_14TreeWalkerImplEEE
                0x00020a84       0x40 /usr/lib/gcc/arm-linux-gnueabihf/8/../../../arm-linux-gnueabihf/crti.o
 .rel.data.rel.ro._ZTVN11xercesc_2_615BaseRefVectorOfINS_9RangeImplEEE
                0x00020ac4       0x40 /usr/lib/gcc/arm-linux-gnueabihf/8/../../../arm-linux-gnueabihf/crti.o
 .rel.data.rel.ro._ZTVN11xercesc_2_611RefVectorOfINS_9RangeImplEEE
                0x00020b04       0x40 /usr/lib/gcc/arm-linux-gnueabihf/8/../../../arm-linux-gnueabihf/crti.o
 *(.rel.data .rel.data.* .rel.gnu.linkonce.d.*)
 .rel.data.rel.local
                0x00020b44        0x8 /usr/lib/gcc/arm-linux-gnueabihf/8/../../../arm-linux-gnueabihf/crti.o
 *(.rel.tdata .rel.tdata.* .rel.gnu.linkonce.td.*)
 *(.rel.tbss .rel.tbss.* .rel.gnu.linkonce.tb.*)
 *(.rel.ctors)
 *(.rel.dtors)
 *(.rel.got)
 .rel.got       0x00020b4c      0x400 /usr/lib/gcc/arm-linux-gnueabihf/8/../../../arm-linux-gnueabihf/crti.o
 *(.rel.bss .rel.bss.* .rel.gnu.linkonce.b.*)
 *(.rel.iplt)
 .rel.iplt      0x00020f4c        0x0 /usr/lib/gcc/arm-linux-gnueabihf/8/../../../arm-linux-gnueabihf/crti.o
 .rel.fini_array
                0x00020f4c        0x8 /usr/lib/gcc/arm-linux-gnueabihf/8/../../../arm-linux-gnueabihf/crti.o
 .rel.init_array
                0x00020f54       0x60 /usr/lib/gcc/arm-linux-gnueabihf/8/../../../arm-linux-gnueabihf/crti.o

.rela.dyn
 *(.rela.init)
 *(.rela.text .rela.text.* .rela.gnu.linkonce.t.*)
 *(.rela.fini)
 *(.rela.rodata .rela.rodata.* .rela.gnu.linkonce.r.*)
 *(.rela.data .rela.data.* .rela.gnu.linkonce.d.*)
 *(.rela.tdata .rela.tdata.* .rela.gnu.linkonce.td.*)
 *(.rela.tbss .rela.tbss.* .rela.gnu.linkonce.tb.*)
 *(.rela.ctors)
 *(.rela.dtors)
 *(.rela.got)
 *(.rela.bss .rela.bss.* .rela.gnu.linkonce.b.*)
 *(.rela.iplt)

.rel.plt        0x00020fb4      0xf00
 *(.rel.plt)
 .rel.plt       0x00020fb4      0xf00 /usr/lib/gcc/arm-linux-gnueabihf/8/../../../arm-linux-gnueabihf/crti.o

.rela.plt
 *(.rela.plt)

.init           0x00021eb4        0xc
 *(SORT_NONE(.init))
 .init          0x00021eb4        0x8 /usr/lib/gcc/arm-linux-gnueabihf/8/../../../arm-linux-gnueabihf/crti.o
                0x00021eb4                _init
 .init          0x00021ebc        0x4 /usr/lib/gcc/arm-linux-gnueabihf/8/../../../arm-linux-gnueabihf/crtn.o

.plt            0x00021ec0     0x1694
 *(.plt)
 .plt           0x00021ec0     0x1694 /usr/lib/gcc/arm-linux-gnueabihf/8/../../../arm-linux-gnueabihf/crti.o

.iplt           0x00023554        0x0
 *(.iplt)
 .iplt          0x00023554        0x0 /usr/lib/gcc/arm-linux-gnueabihf/8/../../../arm-linux-gnueabihf/crti.o

.text           0x00023558    0x21368
 *(.text.unlikely .text.*_unlikely .text.unlikely.*)
 *(.text.exit .text.exit.*)
 *(.text.startup .text.startup.*)
 *(.text.hot .text.hot.*)
 *(.text .stub .text.* .gnu.linkonce.t.*)
 .text          0x00023558       0x24 /usr/lib/gcc/arm-linux-gnueabihf/8/../../../arm-linux-gnueabihf/crti.o
 .text          0x0002357c      0x100 /usr/lib/gcc/arm-linux-gnueabihf/8/crtbeginS.o
 .text          0x0002367c     0x16d8 LINUX/depdom/AttrImpl.o
                0x0002367c                xercesc_2_6::AttrImpl::getNodeType()
                0x00023684                xercesc_2_6::AttrImpl::getNodeValue()
                0x000236a0                xercesc_2_6::AttrImpl::getSpecified()
                0x000236d0                xercesc_2_6::AttrImpl::isAttrImpl()
                0x000236d8                xercesc_2_6::AttrImpl::setNodeValue(xercesc_2_6::DOMString const&)
                0x000236ec                xercesc_2_6::AttrImpl::setSpecified(bool)
                0x0002372c                xercesc_2_6::AttrImpl::getChildNodes()
                0x00023730                xercesc_2_6::AttrImpl::getLength()
                0x0002378c                xercesc_2_6::AttrImpl::hasChildNodes()
                0x0002379c                xercesc_2_6::AttrImpl::replaceChild(xercesc_2_6::NodeImpl*, xercesc_2_6::NodeImpl*)
                0x000237dc                xercesc_2_6::AttrImpl::~AttrImpl()
                0x000237dc                xercesc_2_6::AttrImpl::~AttrImpl()
                0x00023870                xercesc_2_6::AttrImpl::~AttrImpl()
                0x0002388c                xercesc_2_6::AttrImpl::getNodeName()
                0x000238a4                xercesc_2_6::AttrImpl::getName()
                0x000238bc                xercesc_2_6::AttrImpl::getValue()
                0x00023a44                xercesc_2_6::AttrImpl::normalize()
                0x00023bac                xercesc_2_6::AttrImpl::setValue(xercesc_2_6::DOMString const&)
                0x00023e08                xercesc_2_6::AttrImpl::toString()
                0x00023ee0                xercesc_2_6::AttrImpl::AttrImpl(xercesc_2_6::DocumentImpl*, xercesc_2_6::DOMString const&)
                0x00023ee0                xercesc_2_6::AttrImpl::AttrImpl(xercesc_2_6::DocumentImpl*, xercesc_2_6::DOMString const&)
                0x00023fac                xercesc_2_6::AttrImpl::makeChildNode()
                0x00024070                xercesc_2_6::AttrImpl::getFirstChild()
                0x00024084                xercesc_2_6::AttrImpl::item(unsigned int)
                0x00024110                xercesc_2_6::AttrImpl::getOwnerElement()
                0x00024140                xercesc_2_6::AttrImpl::setOwnerElement(xercesc_2_6::ElementImpl*)
                0x00024170                xercesc_2_6::AttrImpl::cloneChildren(xercesc_2_6::NodeImpl const&)
                0x000241d8                xercesc_2_6::AttrImpl::AttrImpl(xercesc_2_6::AttrImpl const&, bool)
                0x000241d8                xercesc_2_6::AttrImpl::AttrImpl(xercesc_2_6::AttrImpl const&, bool)
                0x000243d0                xercesc_2_6::AttrImpl::cloneNode(bool)
                0x00024424                xercesc_2_6::AttrImpl::lastChild()
                0x00024440                xercesc_2_6::AttrImpl::getLastChild()
                0x0002444c                xercesc_2_6::AttrImpl::lastChild(xercesc_2_6::ChildNode*)
                0x0002445c                xercesc_2_6::AttrImpl::insertBefore(xercesc_2_6::NodeImpl*, xercesc_2_6::NodeImpl*)
                0x00024a1c                xercesc_2_6::AttrImpl::removeChild(xercesc_2_6::NodeImpl*)
                0x00024cbc                xercesc_2_6::AttrImpl::setReadOnly(bool, bool)
 .text._ZNK11xercesc_2_630ArrayIndexOutOfBoundsException7getTypeEv
                0x00024d54       0x2c LINUX/depdom/AttrImpl.o
                0x00024d54                xercesc_2_6::ArrayIndexOutOfBoundsException::getType() const
 .text._ZN11xercesc_2_630ArrayIndexOutOfBoundsExceptionD2Ev
                0x00024d80       0x34 LINUX/depdom/AttrImpl.o
                0x00024d80                xercesc_2_6::ArrayIndexOutOfBoundsException::~ArrayIndexOutOfBoundsException()
                0x00024d80                xercesc_2_6::ArrayIndexOutOfBoundsException::~ArrayIndexOutOfBoundsException()
 .text._ZN11xercesc_2_630ArrayIndexOutOfBoundsExceptionD0Ev
                0x00024db4       0x3c LINUX/depdom/AttrImpl.o
                0x00024db4                xercesc_2_6::ArrayIndexOutOfBoundsException::~ArrayIndexOutOfBoundsException()
 .text._ZNK11xercesc_2_630ArrayIndexOutOfBoundsException9duplicateEv
                0x00024df0       0x5c LINUX/depdom/AttrImpl.o
                0x00024df0                xercesc_2_6::ArrayIndexOutOfBoundsException::duplicate() const
 .text._ZN11xercesc_2_615BaseRefVectorOfINS_9RangeImplEE9elementAtEj
                0x00024e4c       0xc0 LINUX/depdom/AttrImpl.o
                0x00024e4c                xercesc_2_6::BaseRefVectorOf<xercesc_2_6::RangeImpl>::elementAt(unsigned int)
 .text          0x00024f0c      0x148 LINUX/depdom/DOM_CharacterData.o
                0x00024f0c                xercesc_2_6::DOM_CharacterData::DOM_CharacterData()
                0x00024f0c                xercesc_2_6::DOM_CharacterData::DOM_CharacterData()
                0x00024f24                xercesc_2_6::DOM_CharacterData::DOM_CharacterData(xercesc_2_6::CharacterDataImpl*)
                0x00024f24                xercesc_2_6::DOM_CharacterData::DOM_CharacterData(xercesc_2_6::CharacterDataImpl*)
                0x00024f38                xercesc_2_6::DOM_CharacterData::DOM_CharacterData(xercesc_2_6::DOM_CharacterData const&)
                0x00024f38                xercesc_2_6::DOM_CharacterData::DOM_CharacterData(xercesc_2_6::DOM_CharacterData const&)
                0x00024f4c                xercesc_2_6::DOM_CharacterData::~DOM_CharacterData()
                0x00024f4c                xercesc_2_6::DOM_CharacterData::~DOM_CharacterData()
                0x00024f60                xercesc_2_6::DOM_CharacterData::operator=(xercesc_2_6::DOM_CharacterData const&)
                0x00024f6c                xercesc_2_6::DOM_CharacterData::operator=(xercesc_2_6::DOM_NullPtr const*)
                0x00024f78                xercesc_2_6::DOM_CharacterData::getData() const
                0x00024fa4                xercesc_2_6::DOM_CharacterData::setData(xercesc_2_6::DOMString const&)
                0x00024fbc                xercesc_2_6::DOM_CharacterData::getLength() const
                0x00024fd4                xercesc_2_6::DOM_CharacterData::substringData(unsigned int, unsigned int) const
                0x00024ff4                xercesc_2_6::DOM_CharacterData::appendData(xercesc_2_6::DOMString const&)
                0x0002500c                xercesc_2_6::DOM_CharacterData::insertData(unsigned int, xercesc_2_6::DOMString const&)
                0x00025024                xercesc_2_6::DOM_CharacterData::deleteData(unsigned int, unsigned int)
                0x0002503c                xercesc_2_6::DOM_CharacterData::replaceData(unsigned int, unsigned int, xercesc_2_6::DOMString const&)
 .text          0x00025054       0x84 LINUX/depdom/NodeListImpl.o
                0x00025054                xercesc_2_6::NodeListImpl::NodeListImpl()
                0x00025054                xercesc_2_6::NodeListImpl::NodeListImpl()
                0x00025088                xercesc_2_6::NodeListImpl::~NodeListImpl()
                0x00025088                xercesc_2_6::NodeListImpl::~NodeListImpl()
                0x000250bc                xercesc_2_6::NodeListImpl::~NodeListImpl()
 .text          0x000250d8      0x2a8 LINUX/depdom/AttrMapImpl.o
                0x000250d8                xercesc_2_6::AttrMapImpl::~AttrMapImpl()
                0x000250d8                xercesc_2_6::AttrMapImpl::~AttrMapImpl()
                0x0002510c                xercesc_2_6::AttrMapImpl::~AttrMapImpl()
                0x00025128                xercesc_2_6::AttrMapImpl::AttrMapImpl(xercesc_2_6::NodeImpl*)
                0x00025128                xercesc_2_6::AttrMapImpl::AttrMapImpl(xercesc_2_6::NodeImpl*)
                0x00025164                xercesc_2_6::AttrMapImpl::cloneAttrMap(xercesc_2_6::NodeImpl*)
                0x000251d4                xercesc_2_6::AttrMapImpl::AttrMapImpl(xercesc_2_6::NodeImpl*, xercesc_2_6::NamedNodeMapImpl*)
                0x000251d4                xercesc_2_6::AttrMapImpl::AttrMapImpl(xercesc_2_6::NodeImpl*, xercesc_2_6::NamedNodeMapImpl*)
                0x00025258                xercesc_2_6::AttrMapImpl::removeNamedItem(xercesc_2_6::DOMString const&)
                0x000252e8                xercesc_2_6::AttrMapImpl::removeNamedItemNS(xercesc_2_6::DOMString const&, xercesc_2_6::DOMString const&)
 .text._ZN11xercesc_2_611AttrMapImpl11hasDefaultsEv
                0x00025380        0x8 LINUX/depdom/AttrMapImpl.o
                0x00025380                xercesc_2_6::AttrMapImpl::hasDefaults()
 .text._ZN11xercesc_2_611AttrMapImpl11hasDefaultsEb
                0x00025388        0x8 LINUX/depdom/AttrMapImpl.o
                0x00025388                xercesc_2_6::AttrMapImpl::hasDefaults(bool)
 .text          0x00025390       0xac LINUX/depdom/DOM_Notation.o
                0x00025390                xercesc_2_6::DOM_Notation::DOM_Notation()
                0x00025390                xercesc_2_6::DOM_Notation::DOM_Notation()
                0x000253a8                xercesc_2_6::DOM_Notation::DOM_Notation(xercesc_2_6::DOM_Notation const&)
                0x000253a8                xercesc_2_6::DOM_Notation::DOM_Notation(xercesc_2_6::DOM_Notation const&)
                0x000253bc                xercesc_2_6::DOM_Notation::DOM_Notation(xercesc_2_6::NotationImpl*)
                0x000253bc                xercesc_2_6::DOM_Notation::DOM_Notation(xercesc_2_6::NotationImpl*)
                0x000253d0                xercesc_2_6::DOM_Notation::~DOM_Notation()
                0x000253d0                xercesc_2_6::DOM_Notation::~DOM_Notation()
                0x000253e4                xercesc_2_6::DOM_Notation::operator=(xercesc_2_6::DOM_Notation const&)
                0x000253f0                xercesc_2_6::DOM_Notation::operator=(xercesc_2_6::DOM_NullPtr const*)
                0x000253fc                xercesc_2_6::DOM_Notation::getPublicId() const
                0x0002541c                xercesc_2_6::DOM_Notation::getSystemId() const
 .text          0x0002543c      0x38c LINUX/depdom/NodeVector.o
                0x0002543c                xercesc_2_6::NodeVector::init(unsigned int)
                0x000254d4                xercesc_2_6::NodeVector::NodeVector(xercesc_2_6::MemoryManager*)
                0x000254d4                xercesc_2_6::NodeVector::NodeVector(xercesc_2_6::MemoryManager*)
                0x000254f0                xercesc_2_6::NodeVector::NodeVector(unsigned int, xercesc_2_6::MemoryManager*)
                0x000254f0                xercesc_2_6::NodeVector::NodeVector(unsigned int, xercesc_2_6::MemoryManager*)
                0x00025508                xercesc_2_6::NodeVector::~NodeVector()
                0x00025508                xercesc_2_6::NodeVector::~NodeVector()
                0x0002552c                xercesc_2_6::NodeVector::checkSpace()
                0x000255f0                xercesc_2_6::NodeVector::addElement(xercesc_2_6::NodeImpl*)
                0x0002561c                xercesc_2_6::NodeVector::elementAt(unsigned int)
                0x00025634                xercesc_2_6::NodeVector::lastElement()
                0x00025650                xercesc_2_6::NodeVector::insertElementAt(xercesc_2_6::NodeImpl*, unsigned int)
                0x000256e8                xercesc_2_6::NodeVector::removeElementAt(unsigned int)
                0x00025768                xercesc_2_6::NodeVector::reset()
                0x00025774                xercesc_2_6::NodeVector::setElementAt(xercesc_2_6::NodeImpl*, unsigned int)
                0x000257c0                xercesc_2_6::NodeVector::size()
 .text          0x000257c8     0x1ec0 LINUX/depdom/DOMString.o
                0x0002584c                xercesc_2_6::getDomConverter()
                0x0002592c                xercesc_2_6::DOMStringData::allocateBuffer(unsigned int)
                0x000259bc                xercesc_2_6::DOMStringHandle::operator new(unsigned int)
                0x00025b7c                xercesc_2_6::DOMStringHandle::operator delete(void*)
                0x00025d08                xercesc_2_6::DOMStringHandle::createNewStringHandle(unsigned int)
                0x00025d6c                xercesc_2_6::DOMStringHandle::cloneStringHandle()
                0x00025da8                xercesc_2_6::DOMString::DOMString()
                0x00025da8                xercesc_2_6::DOMString::DOMString()
                0x00025db4                xercesc_2_6::DOMString::DOMString(xercesc_2_6::DOMString const&)
                0x00025db4                xercesc_2_6::DOMString::DOMString(xercesc_2_6::DOMString const&)
                0x00025ddc                xercesc_2_6::DOMString::DOMString(unsigned short const*)
                0x00025ddc                xercesc_2_6::DOMString::DOMString(unsigned short const*)
                0x00025e78                xercesc_2_6::DOMString::DOMString(unsigned short const*, unsigned int)
                0x00025e78                xercesc_2_6::DOMString::DOMString(unsigned short const*, unsigned int)
                0x00025ef0                xercesc_2_6::DOMString::DOMString(char const*)
                0x00025ef0                xercesc_2_6::DOMString::DOMString(char const*)
                0x000260b4                xercesc_2_6::DOMString::DOMString(int)
                0x000260b4                xercesc_2_6::DOMString::DOMString(int)
                0x00026100                xercesc_2_6::DOMString::~DOMString()
                0x00026100                xercesc_2_6::DOMString::~DOMString()
                0x000261a8                xercesc_2_6::DOMString::operator=(xercesc_2_6::DOMString const&)
                0x00026274                xercesc_2_6::DOMString::operator=(xercesc_2_6::DOM_NullPtr*)
                0x00026360                xercesc_2_6::DOMString::operator==(xercesc_2_6::DOMString const&) const
                0x00026378                xercesc_2_6::DOMString::operator!=(xercesc_2_6::DOMString const&) const
                0x0002638c                xercesc_2_6::DOMString::operator==(xercesc_2_6::DOM_NullPtr const*) const
                0x0002639c                xercesc_2_6::DOMString::operator!=(xercesc_2_6::DOM_NullPtr const*) const
                0x000263ac                xercesc_2_6::DOMString::reserve(unsigned int)
                0x000263e4                xercesc_2_6::DOMString::appendData(xercesc_2_6::DOMString const&)
                0x00026604                xercesc_2_6::DOMString::appendData(unsigned short)
                0x0002673c                xercesc_2_6::DOMString::appendData(unsigned short const*)
                0x0002677c                xercesc_2_6::DOMString::operator+=(xercesc_2_6::DOMString const&)
                0x00026790                xercesc_2_6::DOMString::operator+=(unsigned short const*)
                0x000267a4                xercesc_2_6::DOMString::operator+=(unsigned short)
                0x000267b8                xercesc_2_6::DOMString::charAt(unsigned int) const
                0x000267f0                xercesc_2_6::DOMString::clone() const
                0x00026828                xercesc_2_6::DOMString::equals(xercesc_2_6::DOMString const&) const
                0x000268f8                xercesc_2_6::DOMString::equals(unsigned short const*) const
                0x000269d4                xercesc_2_6::DOMString::length() const
                0x000269e8                xercesc_2_6::DOMString::deleteData(unsigned int, unsigned int)
                0x00026c00                xercesc_2_6::DOMString::insertData(unsigned int, xercesc_2_6::DOMString const&)
                0x00026ea0                xercesc_2_6::DOMString::rawBuffer() const
                0x00026eb4                xercesc_2_6::DOMString::transcode() const
                0x0002708c                xercesc_2_6::DOMString::transcode(xercesc_2_6::MemoryManager*) const
                0x000272a0                xercesc_2_6::DOMString::print() const
                0x00027308                xercesc_2_6::DOMString::println() const
                0x00027338                xercesc_2_6::DOMString::transcode(char const*)
                0x0002734c                xercesc_2_6::DOMString::compareString(xercesc_2_6::DOMString const&) const
                0x0002740c                xercesc_2_6::DOMString::substringData(unsigned int, unsigned int) const
                0x00027550                xercesc_2_6::operator+(xercesc_2_6::DOMString const&, xercesc_2_6::DOMString const&)
                0x00027584                xercesc_2_6::operator+(xercesc_2_6::DOMString const&, unsigned short const*)
                0x000275b8                xercesc_2_6::operator+(unsigned short const*, xercesc_2_6::DOMString const&)
                0x000275ec                xercesc_2_6::operator+(xercesc_2_6::DOMString const&, unsigned short)
                0x00027620                xercesc_2_6::operator+(unsigned short, xercesc_2_6::DOMString const&)
 .text          0x00027688     0x18cc LINUX/depdom/ElementImpl.o
                0x00027688                xercesc_2_6::ElementImpl::getNodeType()
                0x00027690                xercesc_2_6::ElementImpl::getAttributeNode(xercesc_2_6::DOMString const&)
                0x000276b0                xercesc_2_6::ElementImpl::getAttributes()
                0x000276b8                xercesc_2_6::ElementImpl::isElementImpl()
                0x000276c0                xercesc_2_6::ElementImpl::getAttributeNodeNS(xercesc_2_6::DOMString const&, xercesc_2_6::DOMString const&)
                0x000276e0                xercesc_2_6::ElementImpl::hasAttributes()
                0x00027710                xercesc_2_6::ElementImpl::hasAttribute(xercesc_2_6::DOMString const&)
                0x0002772c                xercesc_2_6::ElementImpl::hasAttributeNS(xercesc_2_6::DOMString const&, xercesc_2_6::DOMString const&)
                0x00027748                xercesc_2_6::ElementImpl::NNM_cloneMap(xercesc_2_6::NodeImpl*)
                0x00027788                xercesc_2_6::ElementImpl::NNM_findNamePoint(xercesc_2_6::DOMString const&)
                0x000277d4                xercesc_2_6::ElementImpl::NNM_getLength()
                0x00027818                xercesc_2_6::ElementImpl::NNM_getNamedItem(xercesc_2_6::DOMString const&)
                0x0002785c                xercesc_2_6::ElementImpl::NNM_item(unsigned int)
                0x000278a0                xercesc_2_6::ElementImpl::NNM_removeAll()
                0x000278dc                xercesc_2_6::ElementImpl::NNM_setReadOnly(bool, bool)
                0x00027928                xercesc_2_6::ElementImpl::NNM_findNamePoint(xercesc_2_6::DOMString const&, xercesc_2_6::DOMString const&)
                0x0002797c                xercesc_2_6::ElementImpl::NNM_getNamedItemNS(xercesc_2_6::DOMString const&, xercesc_2_6::DOMString const&)
                0x000279c8                xercesc_2_6::ElementImpl::NNM_setOwnerDocument(xercesc_2_6::DocumentImpl*)
                0x00027a0c                xercesc_2_6::ElementImpl::getDefaultAttributes()
                0x00027aec                xercesc_2_6::ElementImpl::setReadOnly(bool, bool)
                0x00027b20                xercesc_2_6::ElementImpl::setOwnerDocument(xercesc_2_6::DocumentImpl*)
                0x00027b50                xercesc_2_6::ElementImpl::reinitElementImpl()
                0x00027b94                xercesc_2_6::ElementImpl::~ElementImpl()
                0x00027b94                xercesc_2_6::ElementImpl::~ElementImpl()
                0x00027c08                xercesc_2_6::ElementImpl::~ElementImpl()
                0x00027c24                xercesc_2_6::ElementImpl::getNodeName()
                0x00027c3c                xercesc_2_6::ElementImpl::getTagName()
                0x00027c54                xercesc_2_6::ElementImpl::getAttribute(xercesc_2_6::DOMString const&)
                0x00027cf0                xercesc_2_6::ElementImpl::getElementsByTagName(xercesc_2_6::DOMString const&)
                0x00027d44                xercesc_2_6::ElementImpl::getAttributeNS(xercesc_2_6::DOMString const&, xercesc_2_6::DOMString const&)
                0x00027da0                xercesc_2_6::ElementImpl::NNM_removeNamedItem(xercesc_2_6::DOMString const&)
                0x00027e70                xercesc_2_6::ElementImpl::NNM_removeNamedItemNS(xercesc_2_6::DOMString const&, xercesc_2_6::DOMString const&)
                0x00027f48                xercesc_2_6::ElementImpl::removeAttribute(xercesc_2_6::DOMString const&)
                0x00028068                xercesc_2_6::ElementImpl::removeAttributeNode(xercesc_2_6::AttrImpl*)
                0x0002824c                xercesc_2_6::ElementImpl::removeAttributeNS(xercesc_2_6::DOMString const&, xercesc_2_6::DOMString const&)
                0x00028378                xercesc_2_6::ElementImpl::setAttribute(xercesc_2_6::DOMString const&, xercesc_2_6::DOMString const&)
                0x00028504                xercesc_2_6::ElementImpl::setAttributeNode(xercesc_2_6::AttrImpl*)
                0x00028714                xercesc_2_6::ElementImpl::setAttributeNS(xercesc_2_6::DOMString const&, xercesc_2_6::DOMString const&, xercesc_2_6::DOMString const&)
                0x000288a0                xercesc_2_6::ElementImpl::setAttributeNodeNS(xercesc_2_6::AttrImpl*)
                0x00028af0                xercesc_2_6::ElementImpl::setupDefaultAttributes()
                0x00028bb4                xercesc_2_6::ElementImpl::getElementsByTagNameNS(xercesc_2_6::DOMString const&, xercesc_2_6::DOMString const&)
                0x00028c10                xercesc_2_6::ElementImpl::NNM_setNamedItem(xercesc_2_6::NodeImpl*)
                0x00028c8c                xercesc_2_6::ElementImpl::NNM_setNamedItemNS(xercesc_2_6::NodeImpl*)
                0x00028d14                xercesc_2_6::ElementImpl::ElementImpl(xercesc_2_6::DocumentImpl*, xercesc_2_6::DOMString const&)
                0x00028d14                xercesc_2_6::ElementImpl::ElementImpl(xercesc_2_6::DocumentImpl*, xercesc_2_6::DOMString const&)
                0x00028dcc                xercesc_2_6::ElementImpl::ElementImpl(xercesc_2_6::ElementImpl const&, bool)
                0x00028dcc                xercesc_2_6::ElementImpl::ElementImpl(xercesc_2_6::ElementImpl const&, bool)
                0x00028ee4                xercesc_2_6::ElementImpl::cloneNode(bool)
 .text          0x00028f54      0x264 LINUX/depdom/DOM_DocumentType.o
                0x00028f54                xercesc_2_6::DOM_DocumentType::DOM_DocumentType()
                0x00028f54                xercesc_2_6::DOM_DocumentType::DOM_DocumentType()
                0x00028f6c                xercesc_2_6::DOM_DocumentType::DOM_DocumentType(int)
                0x00028f6c                xercesc_2_6::DOM_DocumentType::DOM_DocumentType(int)
                0x00028fbc                xercesc_2_6::DOM_DocumentType::DOM_DocumentType(xercesc_2_6::DOM_DocumentType const&)
                0x00028fbc                xercesc_2_6::DOM_DocumentType::DOM_DocumentType(xercesc_2_6::DOM_DocumentType const&)
                0x00028fd0                xercesc_2_6::DOM_DocumentType::DOM_DocumentType(xercesc_2_6::DocumentTypeImpl*)
                0x00028fd0                xercesc_2_6::DOM_DocumentType::DOM_DocumentType(xercesc_2_6::DocumentTypeImpl*)
                0x00028fe4                xercesc_2_6::DOM_DocumentType::~DOM_DocumentType()
                0x00028fe4                xercesc_2_6::DOM_DocumentType::~DOM_DocumentType()
                0x00028ff8                xercesc_2_6::DOM_DocumentType::operator=(xercesc_2_6::DOM_DocumentType const&)
                0x00029004                xercesc_2_6::DOM_DocumentType::operator=(xercesc_2_6::DOM_NullPtr const*)
                0x00029010                xercesc_2_6::DOM_DocumentType::getName() const
                0x00029064                xercesc_2_6::DOM_DocumentType::getEntities() const
                0x00029090                xercesc_2_6::DOM_DocumentType::getNotations() const
                0x000290bc                xercesc_2_6::DOM_DocumentType::getPublicId() const
                0x00029110                xercesc_2_6::DOM_DocumentType::getSystemId() const
                0x00029164                xercesc_2_6::DOM_DocumentType::getInternalSubset() const
 .text          0x000291b8      0x2c4 LINUX/depdom/DOM_Range.o
                0x000291b8                xercesc_2_6::DOM_Range::DOM_Range()
                0x000291b8                xercesc_2_6::DOM_Range::DOM_Range()
                0x000291c4                xercesc_2_6::DOM_Range::DOM_Range(xercesc_2_6::RangeImpl*)
                0x000291c4                xercesc_2_6::DOM_Range::DOM_Range(xercesc_2_6::RangeImpl*)
                0x000291e0                xercesc_2_6::DOM_Range::DOM_Range(xercesc_2_6::DOM_Range const&)
                0x000291e0                xercesc_2_6::DOM_Range::DOM_Range(xercesc_2_6::DOM_Range const&)
                0x000291fc                xercesc_2_6::DOM_Range::~DOM_Range()
                0x000291fc                xercesc_2_6::DOM_Range::~DOM_Range()
                0x00029214                xercesc_2_6::DOM_Range::operator=(xercesc_2_6::DOM_Range const&)
                0x00029248                xercesc_2_6::DOM_Range::operator=(xercesc_2_6::DOM_NullPtr const*)
                0x00029268                xercesc_2_6::DOM_Range::operator!=(xercesc_2_6::DOM_Range const&) const
                0x0002927c                xercesc_2_6::DOM_Range::operator==(xercesc_2_6::DOM_Range const&) const
                0x00029294                xercesc_2_6::DOM_Range::operator!=(xercesc_2_6::DOM_NullPtr const*) const
                0x000292a4                xercesc_2_6::DOM_Range::operator==(xercesc_2_6::DOM_NullPtr const*) const
                0x000292b4                xercesc_2_6::DOM_Range::getStartContainer() const
                0x000292cc                xercesc_2_6::DOM_Range::getStartOffset() const
                0x000292dc                xercesc_2_6::DOM_Range::getEndContainer() const
                0x000292f4                xercesc_2_6::DOM_Range::getEndOffset() const
                0x00029304                xercesc_2_6::DOM_Range::getCommonAncestorContainer() const
                0x0002931c                xercesc_2_6::DOM_Range::setStart(xercesc_2_6::DOM_Node const&, unsigned int)
                0x0002932c                xercesc_2_6::DOM_Range::setEnd(xercesc_2_6::DOM_Node const&, unsigned int)
                0x0002933c                xercesc_2_6::DOM_Range::setStartBefore(xercesc_2_6::DOM_Node const&)
                0x0002934c                xercesc_2_6::DOM_Range::setStartAfter(xercesc_2_6::DOM_Node const&)
                0x0002935c                xercesc_2_6::DOM_Range::setEndBefore(xercesc_2_6::DOM_Node const&)
                0x0002936c                xercesc_2_6::DOM_Range::setEndAfter(xercesc_2_6::DOM_Node const&)
                0x0002937c                xercesc_2_6::DOM_Range::collapse(bool)
                0x0002938c                xercesc_2_6::DOM_Range::getCollapsed() const
                0x0002939c                xercesc_2_6::DOM_Range::selectNode(xercesc_2_6::DOM_Node const&)
                0x000293ac                xercesc_2_6::DOM_Range::selectNodeContents(xercesc_2_6::DOM_Node const&)
                0x000293bc                xercesc_2_6::DOM_Range::compareBoundaryPoints(xercesc_2_6::DOM_Range::CompareHow, xercesc_2_6::DOM_Range const&) const
                0x000293d0                xercesc_2_6::DOM_Range::deleteContents()
                0x000293e0                xercesc_2_6::DOM_Range::extractContents()
                0x000293f8                xercesc_2_6::DOM_Range::cloneContents() const
                0x00029410                xercesc_2_6::DOM_Range::insertNode(xercesc_2_6::DOM_Node&)
                0x00029420                xercesc_2_6::DOM_Range::surroundContents(xercesc_2_6::DOM_Node&)
                0x00029430                xercesc_2_6::DOM_Range::cloneRange() const
                0x00029454                xercesc_2_6::DOM_Range::toString() const
                0x0002946c                xercesc_2_6::DOM_Range::detach()
 .text          0x0002947c      0x8c0 LINUX/depdom/DocumentTypeImpl.o
                0x0002947c                xercesc_2_6::DocumentTypeImpl::getNodeType()
                0x00029484                xercesc_2_6::DocumentTypeImpl::getEntities()
                0x0002948c                xercesc_2_6::DocumentTypeImpl::getElements()
                0x00029494                xercesc_2_6::DocumentTypeImpl::getNotations()
                0x0002949c                xercesc_2_6::DocumentTypeImpl::isDocumentTypeImpl()
                0x000294a4                xercesc_2_6::DocumentTypeImpl::setReadOnly(bool, bool)
                0x000294e8                xercesc_2_6::DocumentTypeImpl::setOwnerDocument(xercesc_2_6::DocumentImpl*)
                0x00029524                xercesc_2_6::DocumentTypeImpl::getNodeName()
                0x0002953c                xercesc_2_6::DocumentTypeImpl::getName()
                0x00029554                xercesc_2_6::DocumentTypeImpl::getPublicId()
                0x0002956c                xercesc_2_6::DocumentTypeImpl::getSystemId()
                0x00029584                xercesc_2_6::DocumentTypeImpl::getInternalSubset()
                0x0002959c                xercesc_2_6::DocumentTypeImpl::~DocumentTypeImpl()
                0x0002959c                xercesc_2_6::DocumentTypeImpl::~DocumentTypeImpl()
                0x00029668                xercesc_2_6::DocumentTypeImpl::~DocumentTypeImpl()
                0x00029684                xercesc_2_6::DocumentTypeImpl::setPublicId(xercesc_2_6::DOMString const&)
                0x000296e4                xercesc_2_6::DocumentTypeImpl::setSystemId(xercesc_2_6::DOMString const&)
                0x00029744                xercesc_2_6::DocumentTypeImpl::setInternalSubset(xercesc_2_6::DOMString const&)
                0x000297a4                xercesc_2_6::DocumentTypeImpl::DocumentTypeImpl(xercesc_2_6::DocumentImpl*, xercesc_2_6::DOMString const&)
                0x000297a4                xercesc_2_6::DocumentTypeImpl::DocumentTypeImpl(xercesc_2_6::DocumentImpl*, xercesc_2_6::DOMString const&)
                0x00029914                xercesc_2_6::DocumentTypeImpl::DocumentTypeImpl(xercesc_2_6::DocumentImpl*, xercesc_2_6::DOMString const&, xercesc_2_6::DOMString const&, xercesc_2_6::DOMString const&)
                0x00029914                xercesc_2_6::DocumentTypeImpl::DocumentTypeImpl(xercesc_2_6::DocumentImpl*, xercesc_2_6::DOMString const&, xercesc_2_6::DOMString const&, xercesc_2_6::DOMString const&)
                0x00029b14                xercesc_2_6::DocumentTypeImpl::DocumentTypeImpl(xercesc_2_6::DocumentTypeImpl const&, bool)
                0x00029b14                xercesc_2_6::DocumentTypeImpl::DocumentTypeImpl(xercesc_2_6::DocumentTypeImpl const&, bool)
                0x00029cf8                xercesc_2_6::DocumentTypeImpl::cloneNode(bool)
                0x00029d34                xercesc_2_6::DocumentTypeImpl::isIntSubsetReading()
 .text          0x00029d3c      0xa3c LINUX/depdom/AttrNSImpl.o
                0x00029d3c                xercesc_2_6::AttrNSImpl::getPrefix()
                0x00029d80                xercesc_2_6::AttrNSImpl::getNamespaceURI()
                0x00029d98                xercesc_2_6::AttrNSImpl::getLocalName()
                0x00029db0                xercesc_2_6::AttrNSImpl::setPrefix(xercesc_2_6::DOMString const&)
                0x0002a274                xercesc_2_6::AttrNSImpl::AttrNSImpl(xercesc_2_6::DocumentImpl*, xercesc_2_6::DOMString const&)
                0x0002a274                xercesc_2_6::AttrNSImpl::AttrNSImpl(xercesc_2_6::DocumentImpl*, xercesc_2_6::DOMString const&)
                0x0002a300                xercesc_2_6::AttrNSImpl::AttrNSImpl(xercesc_2_6::DocumentImpl*, xercesc_2_6::DOMString const&, xercesc_2_6::DOMString const&)
                0x0002a300                xercesc_2_6::AttrNSImpl::AttrNSImpl(xercesc_2_6::DocumentImpl*, xercesc_2_6::DOMString const&, xercesc_2_6::DOMString const&)
                0x0002a64c                xercesc_2_6::AttrNSImpl::AttrNSImpl(xercesc_2_6::AttrNSImpl const&, bool)
                0x0002a64c                xercesc_2_6::AttrNSImpl::AttrNSImpl(xercesc_2_6::AttrNSImpl const&, bool)
                0x0002a724                xercesc_2_6::AttrNSImpl::cloneNode(bool)
 .text._ZN11xercesc_2_610AttrNSImplD2Ev
                0x0002a778       0x44 LINUX/depdom/AttrNSImpl.o
                0x0002a778                xercesc_2_6::AttrNSImpl::~AttrNSImpl()
                0x0002a778                xercesc_2_6::AttrNSImpl::~AttrNSImpl()
 .text._ZN11xercesc_2_610AttrNSImplD0Ev
                0x0002a7bc       0x4c LINUX/depdom/AttrNSImpl.o
                0x0002a7bc                xercesc_2_6::AttrNSImpl::~AttrNSImpl()
 .text          0x0002a808      0x5d8 LINUX/depdom/NodeIDMap.o
                0x0002a808                xercesc_2_6::NodeIDMap::~NodeIDMap()
                0x0002a808                xercesc_2_6::NodeIDMap::~NodeIDMap()
                0x0002a84c                xercesc_2_6::NodeIDMap::~NodeIDMap()
                0x0002a868                xercesc_2_6::NodeIDMap::NodeIDMap(int, xercesc_2_6::MemoryManager*)
                0x0002a868                xercesc_2_6::NodeIDMap::NodeIDMap(int, xercesc_2_6::MemoryManager*)
                0x0002a9f4                xercesc_2_6::NodeIDMap::remove(xercesc_2_6::AttrImpl*)
                0x0002aaa8                xercesc_2_6::NodeIDMap::find(xercesc_2_6::DOMString const&)
                0x0002ab78                xercesc_2_6::NodeIDMap::growTable()
                0x0002ad08                xercesc_2_6::NodeIDMap::add(xercesc_2_6::AttrImpl*)
 .text._ZNK11xercesc_2_616RuntimeException7getTypeEv
                0x0002ade0       0x2c LINUX/depdom/NodeIDMap.o
                0x0002ade0                xercesc_2_6::RuntimeException::getType() const
 .text._ZN11xercesc_2_616RuntimeExceptionD2Ev
                0x0002ae0c       0x34 LINUX/depdom/NodeIDMap.o
                0x0002ae0c                xercesc_2_6::RuntimeException::~RuntimeException()
                0x0002ae0c                xercesc_2_6::RuntimeException::~RuntimeException()
 .text._ZN11xercesc_2_616RuntimeExceptionD0Ev
                0x0002ae40       0x3c LINUX/depdom/NodeIDMap.o
                0x0002ae40                xercesc_2_6::RuntimeException::~RuntimeException()
 .text._ZNK11xercesc_2_616RuntimeException9duplicateEv
                0x0002ae7c       0x5c LINUX/depdom/NodeIDMap.o
                0x0002ae7c                xercesc_2_6::RuntimeException::duplicate() const
 .text          0x0002aed8       0x6c LINUX/depdom/DOM_Comment.o
                0x0002aed8                xercesc_2_6::DOM_Comment::DOM_Comment()
                0x0002aed8                xercesc_2_6::DOM_Comment::DOM_Comment()
                0x0002aef0                xercesc_2_6::DOM_Comment::DOM_Comment(xercesc_2_6::DOM_Comment const&)
                0x0002aef0                xercesc_2_6::DOM_Comment::DOM_Comment(xercesc_2_6::DOM_Comment const&)
                0x0002af04                xercesc_2_6::DOM_Comment::DOM_Comment(xercesc_2_6::CommentImpl*)
                0x0002af04                xercesc_2_6::DOM_Comment::DOM_Comment(xercesc_2_6::CommentImpl*)
                0x0002af18                xercesc_2_6::DOM_Comment::~DOM_Comment()
                0x0002af18                xercesc_2_6::DOM_Comment::~DOM_Comment()
                0x0002af2c                xercesc_2_6::DOM_Comment::operator=(xercesc_2_6::DOM_Comment const&)
                0x0002af38                xercesc_2_6::DOM_Comment::operator=(xercesc_2_6::DOM_NullPtr const*)
 .text          0x0002af44      0x398 LINUX/depdom/DOM_NamedNodeMap.o
                0x0002af44                xercesc_2_6::DOM_NamedNodeMap::DOM_NamedNodeMap()
                0x0002af44                xercesc_2_6::DOM_NamedNodeMap::DOM_NamedNodeMap()
                0x0002af58                xercesc_2_6::DOM_NamedNodeMap::DOM_NamedNodeMap(xercesc_2_6::DOM_NamedNodeMap const&)
                0x0002af58                xercesc_2_6::DOM_NamedNodeMap::DOM_NamedNodeMap(xercesc_2_6::DOM_NamedNodeMap const&)
                0x0002af8c                xercesc_2_6::DOM_NamedNodeMap::DOM_NamedNodeMap(xercesc_2_6::NamedNodeMapImpl*)
                0x0002af8c                xercesc_2_6::DOM_NamedNodeMap::DOM_NamedNodeMap(xercesc_2_6::NamedNodeMapImpl*)
                0x0002afb8                xercesc_2_6::DOM_NamedNodeMap::DOM_NamedNodeMap(xercesc_2_6::NodeImpl*)
                0x0002afb8                xercesc_2_6::DOM_NamedNodeMap::DOM_NamedNodeMap(xercesc_2_6::NodeImpl*)
                0x0002afdc                xercesc_2_6::DOM_NamedNodeMap::~DOM_NamedNodeMap()
                0x0002afdc                xercesc_2_6::DOM_NamedNodeMap::~DOM_NamedNodeMap()
                0x0002b00c                xercesc_2_6::DOM_NamedNodeMap::operator==(xercesc_2_6::DOM_NamedNodeMap const&) const
                0x0002b024                xercesc_2_6::DOM_NamedNodeMap::operator!=(xercesc_2_6::DOM_NamedNodeMap const&) const
                0x0002b038                xercesc_2_6::DOM_NamedNodeMap::operator==(xercesc_2_6::DOM_NullPtr const*) const
                0x0002b048                xercesc_2_6::DOM_NamedNodeMap::operator!=(xercesc_2_6::DOM_NullPtr const*) const
                0x0002b058                xercesc_2_6::DOM_NamedNodeMap::operator=(xercesc_2_6::DOM_NamedNodeMap const&)
                0x0002b0b8                xercesc_2_6::DOM_NamedNodeMap::operator=(xercesc_2_6::DOM_NullPtr const*)
                0x0002b0f8                xercesc_2_6::DOM_NamedNodeMap::getNamedItem(xercesc_2_6::DOMString const&) const
                0x0002b138                xercesc_2_6::DOM_NamedNodeMap::setNamedItem(xercesc_2_6::DOM_Node)
                0x0002b174                xercesc_2_6::DOM_NamedNodeMap::removeNamedItem(xercesc_2_6::DOMString const&)
                0x0002b1b4                xercesc_2_6::DOM_NamedNodeMap::item(unsigned int) const
                0x0002b1f4                xercesc_2_6::DOM_NamedNodeMap::getLength() const
                0x0002b218                xercesc_2_6::DOM_NamedNodeMap::getNamedItemNS(xercesc_2_6::DOMString const&, xercesc_2_6::DOMString const&)
                0x0002b25c                xercesc_2_6::DOM_NamedNodeMap::setNamedItemNS(xercesc_2_6::DOM_Node)
                0x0002b298                xercesc_2_6::DOM_NamedNodeMap::removeNamedItemNS(xercesc_2_6::DOMString const&, xercesc_2_6::DOMString const&)
 .text          0x0002b2dc     0x304c LINUX/depdom/DOMParser.o
                0x0002b2dc                xercesc_2_6::DOMParser::resetErrors()
                0x0002b2e0                xercesc_2_6::DOMParser::resolveEntity(unsigned short const*, unsigned short const*, unsigned short const*)
                0x0002b300                non-virtual thunk to xercesc_2_6::DOMParser::resolveEntity(unsigned short const*, unsigned short const*, unsigned short const*)
                0x0002b308                xercesc_2_6::DOMParser::resolveEntity(xercesc_2_6::XMLResourceIdentifier*)
                0x0002b350                non-virtual thunk to xercesc_2_6::DOMParser::resolveEntity(xercesc_2_6::XMLResourceIdentifier*)
                0x0002b358                xercesc_2_6::DOMParser::endIntSubset()
                0x0002b368                non-virtual thunk to xercesc_2_6::DOMParser::endIntSubset()
                0x0002b370                xercesc_2_6::DOMParser::endExtSubset()
                0x0002b374                xercesc_2_6::DOMParser::resetDocType()
                0x0002b380                xercesc_2_6::DOMParser::startAttList(xercesc_2_6::DTDElementDecl const&)
                0x0002b384                xercesc_2_6::DOMParser::startIntSubset()
                0x0002b394                non-virtual thunk to xercesc_2_6::DOMParser::startIntSubset()
                0x0002b39c                xercesc_2_6::DOMParser::startExtSubset()
                0x0002b3a0                xercesc_2_6::DOMParser::TextDecl(unsigned short const*, unsigned short const*)
                0x0002b3a4                xercesc_2_6::DOMParser::error(unsigned int, unsigned short const*, xercesc_2_6::XMLErrorReporter::ErrTypes, unsigned short const*, unsigned short const*, unsigned short const*, long, long)
                0x0002b4c0                non-virtual thunk to xercesc_2_6::DOMParser::error(unsigned int, unsigned short const*, xercesc_2_6::XMLErrorReporter::ErrTypes, unsigned short const*, unsigned short const*, unsigned short const*, long, long)
                0x0002b4c8                xercesc_2_6::DOMParser::docCharacters(unsigned short const*, unsigned int, bool)
                0x0002b640                xercesc_2_6::DOMParser::ignorableWhitespace(unsigned short const*, unsigned int, bool)
                0x0002b764                xercesc_2_6::DOMParser::docComment(unsigned short const*)
                0x0002b7e0                xercesc_2_6::DOMParser::docPI(unsigned short const*, unsigned short const*)
                0x0002b884                xercesc_2_6::DOMParser::startDocument()
                0x0002b8b8                xercesc_2_6::DOMParser::endDocument()
                0x0002b8cc                xercesc_2_6::DOMParser::XMLDecl(unsigned short const*, unsigned short const*, unsigned short const*, unsigned short const*)
                0x0002b998                xercesc_2_6::DOMParser::doctypeWhitespace(unsigned short const*, unsigned int)
                0x0002b9c8                non-virtual thunk to xercesc_2_6::DOMParser::doctypeWhitespace(unsigned short const*, unsigned int)
                0x0002b9d0                xercesc_2_6::DOMParser::doctypeComment(unsigned short const*)
                0x0002baa8                non-virtual thunk to xercesc_2_6::DOMParser::doctypeComment(unsigned short const*)
                0x0002bab0                xercesc_2_6::DOMParser::doctypePI(unsigned short const*, unsigned short const*)
                0x0002bb64                non-virtual thunk to xercesc_2_6::DOMParser::doctypePI(unsigned short const*, unsigned short const*)
                0x0002bb6c                xercesc_2_6::DOMParser::attDef(xercesc_2_6::DTDElementDecl const&, xercesc_2_6::DTDAttDef const&, bool)
                0x0002bff8                non-virtual thunk to xercesc_2_6::DOMParser::attDef(xercesc_2_6::DTDElementDecl const&, xercesc_2_6::DTDAttDef const&, bool)
                0x0002c000                xercesc_2_6::DOMParser::elementDecl(xercesc_2_6::DTDElementDecl const&, bool)
                0x0002c0f8                non-virtual thunk to xercesc_2_6::DOMParser::elementDecl(xercesc_2_6::DTDElementDecl const&, bool)
                0x0002c100                xercesc_2_6::DOMParser::doctypeDecl(xercesc_2_6::DTDElementDecl const&, unsigned short const*, unsigned short const*, bool, bool)
                0x0002c1fc                non-virtual thunk to xercesc_2_6::DOMParser::doctypeDecl(xercesc_2_6::DTDElementDecl const&, unsigned short const*, unsigned short const*, bool, bool)
                0x0002c204                xercesc_2_6::DOMParser::notationDecl(xercesc_2_6::XMLNotationDecl const&, bool)
                0x0002c300                non-virtual thunk to xercesc_2_6::DOMParser::notationDecl(xercesc_2_6::XMLNotationDecl const&, bool)
                0x0002c308                xercesc_2_6::DOMParser::endAttList(xercesc_2_6::DTDElementDecl const&)
                0x0002c6ec                non-virtual thunk to xercesc_2_6::DOMParser::endAttList(xercesc_2_6::DTDElementDecl const&)
                0x0002c6f4                xercesc_2_6::DOMParser::entityDecl(xercesc_2_6::DTDEntityDecl const&, bool, bool)
                0x0002cb24                non-virtual thunk to xercesc_2_6::DOMParser::entityDecl(xercesc_2_6::DTDEntityDecl const&, bool, bool)
                0x0002cb2c                non-virtual thunk to xercesc_2_6::DOMParser::TextDecl(unsigned short const*, unsigned short const*)
                0x0002cb30                non-virtual thunk to xercesc_2_6::DOMParser::startExtSubset()
                0x0002cb34                non-virtual thunk to xercesc_2_6::DOMParser::startAttList(xercesc_2_6::DTDElementDecl const&)
                0x0002cb38                non-virtual thunk to xercesc_2_6::DOMParser::resetDocType()
                0x0002cb44                non-virtual thunk to xercesc_2_6::DOMParser::endExtSubset()
                0x0002cb48                non-virtual thunk to xercesc_2_6::DOMParser::resetErrors()
                0x0002cb4c                xercesc_2_6::DOMParser::cleanUp()
                0x0002cbf8                xercesc_2_6::DOMParser::~DOMParser()
                0x0002cbf8                xercesc_2_6::DOMParser::~DOMParser()
                0x0002cc5c                non-virtual thunk to xercesc_2_6::DOMParser::~DOMParser()
                0x0002cc64                non-virtual thunk to xercesc_2_6::DOMParser::~DOMParser()
                0x0002cc6c                non-virtual thunk to xercesc_2_6::DOMParser::~DOMParser()
                0x0002cc74                xercesc_2_6::DOMParser::~DOMParser()
                0x0002cc90                non-virtual thunk to xercesc_2_6::DOMParser::~DOMParser()
                0x0002cc98                non-virtual thunk to xercesc_2_6::DOMParser::~DOMParser()
                0x0002cca0                non-virtual thunk to xercesc_2_6::DOMParser::~DOMParser()
                0x0002cca8                xercesc_2_6::DOMParser::reset()
                0x0002cd28                xercesc_2_6::DOMParser::initialize()
                0x0002ce10                xercesc_2_6::DOMParser::DOMParser(xercesc_2_6::XMLValidator*, xercesc_2_6::MemoryManager*, xercesc_2_6::XMLGrammarPool*)
                0x0002ce10                xercesc_2_6::DOMParser::DOMParser(xercesc_2_6::XMLValidator*, xercesc_2_6::MemoryManager*, xercesc_2_6::XMLGrammarPool*)
                0x0002cf34                xercesc_2_6::DOMParser::resetDocument()
                0x0002cf40                xercesc_2_6::DOMParser::getValidator() const
                0x0002cf4c                xercesc_2_6::DOMParser::getDoNamespaces() const
                0x0002cf58                xercesc_2_6::DOMParser::getExitOnFirstFatalError() const
                0x0002cf64                xercesc_2_6::DOMParser::getValidationConstraintFatal() const
                0x0002cf70                xercesc_2_6::DOMParser::getValidationScheme() const
                0x0002cf8c                xercesc_2_6::DOMParser::getDoSchema() const
                0x0002cf98                xercesc_2_6::DOMParser::getValidationSchemaFullChecking() const
                0x0002cfa4                xercesc_2_6::DOMParser::getIdentityConstraintChecking() const
                0x0002cfb0                xercesc_2_6::DOMParser::getErrorCount() const
                0x0002cfbc                xercesc_2_6::DOMParser::getExternalSchemaLocation() const
                0x0002cfc8                xercesc_2_6::DOMParser::getExternalNoNamespaceSchemaLocation() const
                0x0002cfd4                xercesc_2_6::DOMParser::isCachingGrammarFromParse() const
                0x0002cfe0                xercesc_2_6::DOMParser::isUsingCachedGrammarInParse() const
                0x0002cfec                xercesc_2_6::DOMParser::getGrammar(unsigned short const*)
                0x0002cffc                xercesc_2_6::DOMParser::getRootGrammar()
                0x0002d008                xercesc_2_6::DOMParser::getURIText(unsigned int) const
                0x0002d018                xercesc_2_6::DOMParser::getCalculateSrcOfs() const
                0x0002d024                xercesc_2_6::DOMParser::getStandardUriConformant() const
                0x0002d030                xercesc_2_6::DOMParser::getSrcOffset() const
                0x0002d044                xercesc_2_6::DOMParser::setDoNamespaces(bool)
                0x0002d050                xercesc_2_6::DOMParser::setErrorHandler(xercesc_2_6::ErrorHandler*)
                0x0002d090                xercesc_2_6::DOMParser::setPSVIHandler(xercesc_2_6::PSVIHandler*)
                0x0002d0ac                xercesc_2_6::DOMParser::setEntityResolver(xercesc_2_6::EntityResolver*)
                0x0002d0dc                xercesc_2_6::DOMParser::setXMLEntityResolver(xercesc_2_6::XMLEntityResolver*)
                0x0002d110                xercesc_2_6::DOMParser::setExitOnFirstFatalError(bool)
                0x0002d11c                xercesc_2_6::DOMParser::setValidationConstraintFatal(bool)
                0x0002d128                xercesc_2_6::DOMParser::setValidationScheme(xercesc_2_6::DOMParser::ValSchemes)
                0x0002d168                xercesc_2_6::DOMParser::setDoSchema(bool)
                0x0002d174                xercesc_2_6::DOMParser::setValidationSchemaFullChecking(bool)
                0x0002d180                xercesc_2_6::DOMParser::setIdentityConstraintChecking(bool)
                0x0002d18c                xercesc_2_6::DOMParser::setExternalSchemaLocation(unsigned short const*)
                0x0002d220                xercesc_2_6::DOMParser::setExternalNoNamespaceSchemaLocation(unsigned short const*)
                0x0002d2b4                xercesc_2_6::DOMParser::setExternalSchemaLocation(char const*)
                0x0002d2e8                xercesc_2_6::DOMParser::setExternalNoNamespaceSchemaLocation(char const*)
                0x0002d31c                xercesc_2_6::DOMParser::cacheGrammarFromParse(bool)
                0x0002d338                xercesc_2_6::DOMParser::useCachedGrammarInParse(bool)
                0x0002d35c                xercesc_2_6::DOMParser::setCalculateSrcOfs(bool)
                0x0002d368                xercesc_2_6::DOMParser::setStandardUriConformant(bool)
                0x0002d378                xercesc_2_6::DOMParser::useScanner(unsigned short const*)
                0x0002d3d4                xercesc_2_6::DOMParser::parse(xercesc_2_6::InputSource const&)
                0x0002d4c0                xercesc_2_6::DOMParser::parse(unsigned short const*)
                0x0002d5a4                xercesc_2_6::DOMParser::parse(char const*)
                0x0002d684                xercesc_2_6::DOMParser::parseFirst(unsigned short const*, xercesc_2_6::XMLPScanToken&)
                0x0002d720                xercesc_2_6::DOMParser::parseFirst(char const*, xercesc_2_6::XMLPScanToken&)
                0x0002d7c0                xercesc_2_6::DOMParser::parseFirst(xercesc_2_6::InputSource const&, xercesc_2_6::XMLPScanToken&)
                0x0002d860                xercesc_2_6::DOMParser::parseNext(xercesc_2_6::XMLPScanToken&)
                0x0002d878                xercesc_2_6::DOMParser::parseReset(xercesc_2_6::XMLPScanToken&)
                0x0002d894                xercesc_2_6::DOMParser::getDoValidation() const
                0x0002d8ac                xercesc_2_6::DOMParser::setDoValidation(bool)
                0x0002d8c8                xercesc_2_6::DOMParser::loadGrammar(char const*, short, bool)
                0x0002d9ac                xercesc_2_6::DOMParser::loadGrammar(unsigned short const*, short, bool)
                0x0002da90                xercesc_2_6::DOMParser::loadGrammar(xercesc_2_6::InputSource const&, short, bool)
                0x0002db7c                xercesc_2_6::DOMParser::resetCachedGrammarPool()
                0x0002db8c                xercesc_2_6::DOMParser::endEntityReference(xercesc_2_6::XMLEntityDecl const&)
                0x0002dc1c                xercesc_2_6::DOMParser::endElement(xercesc_2_6::XMLElementDecl const&, unsigned int, bool, unsigned short const*)
                0x0002dc80                xercesc_2_6::DOMParser::startElement(xercesc_2_6::XMLElementDecl const&, unsigned int, unsigned short const*, xercesc_2_6::RefVectorOf<xercesc_2_6::XMLAttr> const&, unsigned int, bool, bool)
                0x0002e23c                xercesc_2_6::DOMParser::startEntityReference(xercesc_2_6::XMLEntityDecl const&)
 .text._ZNK11xercesc_2_619EmptyStackException7getTypeEv
                0x0002e328       0x2c LINUX/depdom/DOMParser.o
                0x0002e328                xercesc_2_6::EmptyStackException::getType() const
 .text._ZNK11xercesc_2_611IOException7getTypeEv
                0x0002e354       0x2c LINUX/depdom/DOMParser.o
                0x0002e354                xercesc_2_6::IOException::getType() const
 .text._ZN11xercesc_2_618XMLDocumentHandler15elementTypeInfoEPKtS2_
                0x0002e380        0x4 LINUX/depdom/DOMParser.o
                0x0002e380                xercesc_2_6::XMLDocumentHandler::elementTypeInfo(unsigned short const*, unsigned short const*)
 .text._ZN11xercesc_2_69DOMParser14endInputSourceERKNS_11InputSourceE
                0x0002e384        0x8 LINUX/depdom/DOMParser.o
                0x0002e384                xercesc_2_6::DOMParser::endInputSource(xercesc_2_6::InputSource const&)
                0x0002e388                non-virtual thunk to xercesc_2_6::DOMParser::endInputSource(xercesc_2_6::InputSource const&)
 .text._ZN11xercesc_2_69DOMParser14expandSystemIdEPKtRNS_9XMLBufferE
                0x0002e38c       0x10 LINUX/depdom/DOMParser.o
                0x0002e38c                xercesc_2_6::DOMParser::expandSystemId(unsigned short const*, xercesc_2_6::XMLBuffer&)
                0x0002e394                non-virtual thunk to xercesc_2_6::DOMParser::expandSystemId(unsigned short const*, xercesc_2_6::XMLBuffer&)
 .text._ZN11xercesc_2_69DOMParser13resetEntitiesEv
                0x0002e39c        0x8 LINUX/depdom/DOMParser.o
                0x0002e39c                xercesc_2_6::DOMParser::resetEntities()
                0x0002e3a0                non-virtual thunk to xercesc_2_6::DOMParser::resetEntities()
 .text._ZN11xercesc_2_69DOMParser16startInputSourceERKNS_11InputSourceE
                0x0002e3a4        0x8 LINUX/depdom/DOMParser.o
                0x0002e3a4                xercesc_2_6::DOMParser::startInputSource(xercesc_2_6::InputSource const&)
                0x0002e3a8                non-virtual thunk to xercesc_2_6::DOMParser::startInputSource(xercesc_2_6::InputSource const&)
 .text._ZN11xercesc_2_611IOExceptionD2Ev
                0x0002e3ac       0x34 LINUX/depdom/DOMParser.o
                0x0002e3ac                xercesc_2_6::IOException::~IOException()
                0x0002e3ac                xercesc_2_6::IOException::~IOException()
 .text._ZN11xercesc_2_611IOExceptionD0Ev
                0x0002e3e0       0x3c LINUX/depdom/DOMParser.o
                0x0002e3e0                xercesc_2_6::IOException::~IOException()
 .text._ZN11xercesc_2_619EmptyStackExceptionD2Ev
                0x0002e41c       0x34 LINUX/depdom/DOMParser.o
                0x0002e41c                xercesc_2_6::EmptyStackException::~EmptyStackException()
                0x0002e41c                xercesc_2_6::EmptyStackException::~EmptyStackException()
 .text._ZN11xercesc_2_619EmptyStackExceptionD0Ev
                0x0002e450       0x3c LINUX/depdom/DOMParser.o
                0x0002e450                xercesc_2_6::EmptyStackException::~EmptyStackException()
 .text._ZNK11xercesc_2_619EmptyStackException9duplicateEv
                0x0002e48c       0x5c LINUX/depdom/DOMParser.o
                0x0002e48c                xercesc_2_6::EmptyStackException::duplicate() const
 .text._ZNK11xercesc_2_611IOException9duplicateEv
                0x0002e4e8       0x5c LINUX/depdom/DOMParser.o
                0x0002e4e8                xercesc_2_6::IOException::duplicate() const
 .text._ZN11xercesc_2_630ArrayIndexOutOfBoundsExceptionC2EPKcjNS_10XMLExcepts5CodesEPNS_13MemoryManagerE
                0x0002e544       0x58 LINUX/depdom/DOMParser.o
                0x0002e544                xercesc_2_6::ArrayIndexOutOfBoundsException::ArrayIndexOutOfBoundsException(char const*, unsigned int, xercesc_2_6::XMLExcepts::Codes, xercesc_2_6::MemoryManager*)
                0x0002e544                xercesc_2_6::ArrayIndexOutOfBoundsException::ArrayIndexOutOfBoundsException(char const*, unsigned int, xercesc_2_6::XMLExcepts::Codes, xercesc_2_6::MemoryManager*)
 .text._ZN11xercesc_2_611IOExceptionC2EPKcjNS_10XMLExcepts5CodesEPNS_13MemoryManagerE
                0x0002e59c       0x58 LINUX/depdom/DOMParser.o
                0x0002e59c                xercesc_2_6::IOException::IOException(char const*, unsigned int, xercesc_2_6::XMLExcepts::Codes, xercesc_2_6::MemoryManager*)
                0x0002e59c                xercesc_2_6::IOException::IOException(char const*, unsigned int, xercesc_2_6::XMLExcepts::Codes, xercesc_2_6::MemoryManager*)
 .text._ZN11xercesc_2_612ValueStackOfINS_8DOM_NodeEE3popEv
                0x0002e5f4      0x1fc LINUX/depdom/DOMParser.o
                0x0002e5f4                xercesc_2_6::ValueStackOf<xercesc_2_6::DOM_Node>::pop()
 .text._ZNK11xercesc_2_615BaseRefVectorOfINS_7XMLAttrEE9elementAtEj
                0x0002e7f0       0x9c LINUX/depdom/DOMParser.o
                0x0002e7f0                xercesc_2_6::BaseRefVectorOf<xercesc_2_6::XMLAttr>::elementAt(unsigned int) const
 *fill*         0x0002e88c        0x4 
 .text._ZN11xercesc_2_613ValueVectorOfINS_8DOM_NodeEE10addElementERKS1_
                0x0002e890       0xd8 LINUX/depdom/DOMParser.o
                0x0002e890                xercesc_2_6::ValueVectorOf<xercesc_2_6::DOM_Node>::addElement(xercesc_2_6::DOM_Node const&)
 .text          0x0002e968      0x3d4 LINUX/depdom/EntityReferenceImpl.o
                0x0002e968                xercesc_2_6::EntityReferenceImpl::getNodeType()
                0x0002e970                xercesc_2_6::EntityReferenceImpl::isEntityReference()
                0x0002e978                xercesc_2_6::EntityReferenceImpl::~EntityReferenceImpl()
                0x0002e978                xercesc_2_6::EntityReferenceImpl::~EntityReferenceImpl()
                0x0002e9c8                xercesc_2_6::EntityReferenceImpl::~EntityReferenceImpl()
                0x0002e9e4                xercesc_2_6::EntityReferenceImpl::getNodeName()
                0x0002e9fc                xercesc_2_6::EntityReferenceImpl::setReadOnly(bool, bool)
                0x0002eac8                xercesc_2_6::EntityReferenceImpl::EntityReferenceImpl(xercesc_2_6::DocumentImpl*, xercesc_2_6::DOMString const&)
                0x0002eac8                xercesc_2_6::EntityReferenceImpl::EntityReferenceImpl(xercesc_2_6::DocumentImpl*, xercesc_2_6::DOMString const&)
                0x0002ec18                xercesc_2_6::EntityReferenceImpl::EntityReferenceImpl(xercesc_2_6::EntityReferenceImpl const&, bool)
                0x0002ec18                xercesc_2_6::EntityReferenceImpl::EntityReferenceImpl(xercesc_2_6::EntityReferenceImpl const&, bool)
                0x0002ece8                xercesc_2_6::EntityReferenceImpl::cloneNode(bool)
 .text          0x0002ed3c     0x5ef4 LINUX/depdom/RangeImpl.o
                0x0002ed3c                xercesc_2_6::RangeImpl::~RangeImpl()
                0x0002ed3c                xercesc_2_6::RangeImpl::~RangeImpl()
                0x0002ed90                xercesc_2_6::RangeImpl::~RangeImpl()
                0x0002edac                xercesc_2_6::RangeImpl::unreferenced()
                0x0002ee28                xercesc_2_6::RangeImpl::RangeImpl(xercesc_2_6::DOM_Document)
                0x0002ee28                xercesc_2_6::RangeImpl::RangeImpl(xercesc_2_6::DOM_Document)
                0x0002eeec                xercesc_2_6::RangeImpl::RangeImpl(xercesc_2_6::RangeImpl const&)
                0x0002eeec                xercesc_2_6::RangeImpl::RangeImpl(xercesc_2_6::RangeImpl const&)
                0x0002efe4                xercesc_2_6::RangeImpl::getStartContainer() const
                0x0002effc                xercesc_2_6::RangeImpl::getStartOffset() const
                0x0002f004                xercesc_2_6::RangeImpl::getEndContainer() const
                0x0002f01c                xercesc_2_6::RangeImpl::getEndOffset() const
                0x0002f024                xercesc_2_6::RangeImpl::getCollapsed() const
                0x0002f0f0                xercesc_2_6::RangeImpl::setStartContainer(xercesc_2_6::DOM_Node const&)
                0x0002f198                xercesc_2_6::RangeImpl::setStartOffset(unsigned int)
                0x0002f23c                xercesc_2_6::RangeImpl::setEndContainer(xercesc_2_6::DOM_Node const&)
                0x0002f2e4                xercesc_2_6::RangeImpl::setEndOffset(unsigned int)
                0x0002f388                xercesc_2_6::RangeImpl::detach()
                0x0002f468                xercesc_2_6::RangeImpl::collapse(bool)
                0x0002f548                xercesc_2_6::RangeImpl::getDocument()
                0x0002f560                xercesc_2_6::RangeImpl::isValidAncestorType(xercesc_2_6::DOM_Node const&) const
                0x0002f618                xercesc_2_6::RangeImpl::isAncestorOf(xercesc_2_6::DOM_Node const&, xercesc_2_6::DOM_Node const&)
                0x0002f6c4                xercesc_2_6::RangeImpl::insertNode(xercesc_2_6::DOM_Node&)
                0x0002fc50                xercesc_2_6::RangeImpl::hasLegalRootContainer(xercesc_2_6::DOM_Node const&) const
                0x0002fd44                xercesc_2_6::RangeImpl::isLegalContainedNode(xercesc_2_6::DOM_Node const&) const
                0x0002fdb8                xercesc_2_6::RangeImpl::indexOf(xercesc_2_6::DOM_Node const&, xercesc_2_6::DOM_Node const&) const
                0x0002fe94                xercesc_2_6::RangeImpl::validateNode(xercesc_2_6::DOM_Node const&) const
                0x0002ffb8                xercesc_2_6::RangeImpl::selectNode(xercesc_2_6::DOM_Node const&)
                0x00030194                xercesc_2_6::RangeImpl::selectNodeContents(xercesc_2_6::DOM_Node const&)
                0x000302c4                xercesc_2_6::RangeImpl::checkIndex(xercesc_2_6::DOM_Node const&, unsigned int) const
                0x000304ac                xercesc_2_6::RangeImpl::nextNode(xercesc_2_6::DOM_Node const&, bool) const
                0x000306cc                xercesc_2_6::RangeImpl::toString() const
                0x00030c50                xercesc_2_6::RangeImpl::traverseFullySelected(xercesc_2_6::DOM_Node, int)
                0x00030d8c                xercesc_2_6::RangeImpl::traversePartiallySelected(xercesc_2_6::DOM_Node, int)
                0x00030ddc                xercesc_2_6::RangeImpl::traverseTextNode(xercesc_2_6::DOM_Node, bool, int)
                0x0003100c                xercesc_2_6::RangeImpl::traverseNode(xercesc_2_6::DOM_Node, bool, bool, int)
                0x00031100                xercesc_2_6::RangeImpl::getSelectedNode(xercesc_2_6::DOM_Node, int)
                0x00031210                xercesc_2_6::RangeImpl::traverseSameContainer(int)
                0x000314e8                xercesc_2_6::RangeImpl::traverseRightBoundary(xercesc_2_6::DOM_Node, int)
                0x00031854                xercesc_2_6::RangeImpl::traverseLeftBoundary(xercesc_2_6::DOM_Node, int)
                0x00031bc0                xercesc_2_6::RangeImpl::recurseTreeAndCheck(xercesc_2_6::DOM_Node&, xercesc_2_6::DOM_Node&)
                0x00031d50                xercesc_2_6::RangeImpl::checkReadOnly(xercesc_2_6::DOM_Node&, xercesc_2_6::DOM_Node&, unsigned int, unsigned int)
                0x00031fac                xercesc_2_6::RangeImpl::removeChild(xercesc_2_6::DOM_Node&, xercesc_2_6::DOM_Node&)
                0x00032000                xercesc_2_6::RangeImpl::receiveReplacedText(xercesc_2_6::NodeImpl*)
                0x00032094                xercesc_2_6::RangeImpl::updateRangeForDeletedText(xercesc_2_6::DOM_Node&, unsigned int, int)
                0x00032158                xercesc_2_6::RangeImpl::updateRangeForDeletedNode(xercesc_2_6::NodeImpl*)
                0x000323ac                xercesc_2_6::RangeImpl::updateRangeForInsertedNode(xercesc_2_6::NodeImpl*)
                0x00032498                xercesc_2_6::RangeImpl::updateSplitInfo(xercesc_2_6::TextImpl*, xercesc_2_6::TextImpl*, unsigned int)
                0x00032574                xercesc_2_6::RangeImpl::commonAncestorOf(xercesc_2_6::DOM_Node const&, xercesc_2_6::DOM_Node const&) const
                0x00032920                xercesc_2_6::RangeImpl::compareBoundaryPoints(xercesc_2_6::DOM_Range::CompareHow, xercesc_2_6::RangeImpl*) const
                0x00032e74                xercesc_2_6::RangeImpl::setStart(xercesc_2_6::DOM_Node const&, unsigned int)
                0x00032fa0                xercesc_2_6::RangeImpl::setEnd(xercesc_2_6::DOM_Node const&, unsigned int)
                0x000330cc                xercesc_2_6::RangeImpl::cloneRange() const
                0x000331a4                xercesc_2_6::RangeImpl::setStartBefore(xercesc_2_6::DOM_Node const&)
                0x00033488                xercesc_2_6::RangeImpl::setStartAfter(xercesc_2_6::DOM_Node const&)
                0x00033764                xercesc_2_6::RangeImpl::traverseCommonEndContainer(xercesc_2_6::DOM_Node, int)
                0x00033980                xercesc_2_6::RangeImpl::traverseCommonAncestors(xercesc_2_6::DOM_Node, xercesc_2_6::DOM_Node, int)
                0x00033c58                xercesc_2_6::RangeImpl::setEndBefore(xercesc_2_6::DOM_Node const&)
                0x00033f3c                xercesc_2_6::RangeImpl::traverseCommonStartContainer(xercesc_2_6::DOM_Node, int)
                0x0003419c                xercesc_2_6::RangeImpl::setEndAfter(xercesc_2_6::DOM_Node const&)
                0x00034478                xercesc_2_6::RangeImpl::getCommonAncestorContainer() const
                0x00034494                xercesc_2_6::RangeImpl::traverseContents(xercesc_2_6::RangeImpl::TraversalType)
                0x000347c8                xercesc_2_6::RangeImpl::deleteContents()
                0x000347f4                xercesc_2_6::RangeImpl::extractContents()
                0x0003483c                xercesc_2_6::RangeImpl::surroundContents(xercesc_2_6::DOM_Node&)
                0x00034c18                xercesc_2_6::RangeImpl::cloneContents() const
 .text._ZN11xercesc_2_615BaseRefVectorOfINS_8NodeImplEE17removeAllElementsEv
                0x00034c30       0x70 LINUX/depdom/RangeImpl.o
                0x00034c30                xercesc_2_6::BaseRefVectorOf<xercesc_2_6::NodeImpl>::removeAllElements()
 .text._ZN11xercesc_2_615BaseRefVectorOfINS_8NodeImplEE17removeLastElementEv
                0x00034ca0       0x44 LINUX/depdom/RangeImpl.o
                0x00034ca0                xercesc_2_6::BaseRefVectorOf<xercesc_2_6::NodeImpl>::removeLastElement()
 .text._ZN11xercesc_2_615BaseRefVectorOfINS_8NodeImplEE7cleanupEv
                0x00034ce4       0x70 LINUX/depdom/RangeImpl.o
                0x00034ce4                xercesc_2_6::BaseRefVectorOf<xercesc_2_6::NodeImpl>::cleanup()
 .text._ZN11xercesc_2_611RefVectorOfINS_8NodeImplEED2Ev
                0x00034d54       0x94 LINUX/depdom/RangeImpl.o
                0x00034d54                xercesc_2_6::RefVectorOf<xercesc_2_6::NodeImpl>::~RefVectorOf()
                0x00034d54                xercesc_2_6::RefVectorOf<xercesc_2_6::NodeImpl>::~RefVectorOf()
 .text._ZN11xercesc_2_611RefVectorOfINS_8NodeImplEED0Ev
                0x00034de8       0x1c LINUX/depdom/RangeImpl.o
                0x00034de8                xercesc_2_6::RefVectorOf<xercesc_2_6::NodeImpl>::~RefVectorOf()
 .text._ZN11xercesc_2_615BaseRefVectorOfINS_8NodeImplEE15removeElementAtEj
                0x00034e04      0x13c LINUX/depdom/RangeImpl.o
                0x00034e04                xercesc_2_6::BaseRefVectorOf<xercesc_2_6::NodeImpl>::removeElementAt(unsigned int)
 .text._ZN11xercesc_2_615BaseRefVectorOfINS_8NodeImplEE12setElementAtEPS1_j
                0x00034f40       0xcc LINUX/depdom/RangeImpl.o
                0x00034f40                xercesc_2_6::BaseRefVectorOf<xercesc_2_6::NodeImpl>::setElementAt(xercesc_2_6::NodeImpl*, unsigned int)
 .text._ZN11xercesc_2_611RefVectorOfINS_8NodeImplEEC2EjbPNS_13MemoryManagerE
                0x0003500c       0x9c LINUX/depdom/RangeImpl.o
                0x0003500c                xercesc_2_6::RefVectorOf<xercesc_2_6::NodeImpl>::RefVectorOf(unsigned int, bool, xercesc_2_6::MemoryManager*)
                0x0003500c                xercesc_2_6::RefVectorOf<xercesc_2_6::NodeImpl>::RefVectorOf(unsigned int, bool, xercesc_2_6::MemoryManager*)
 .text._ZN11xercesc_2_615BaseRefVectorOfINS_8NodeImplEE10addElementEPS1_
                0x000350a8       0xd8 LINUX/depdom/RangeImpl.o
                0x000350a8                xercesc_2_6::BaseRefVectorOf<xercesc_2_6::NodeImpl>::addElement(xercesc_2_6::NodeImpl*)
 .text._ZN11xercesc_2_615BaseRefVectorOfINS_8NodeImplEE9elementAtEj
                0x00035180       0x9c LINUX/depdom/RangeImpl.o
                0x00035180                xercesc_2_6::BaseRefVectorOf<xercesc_2_6::NodeImpl>::elementAt(unsigned int)
 .text          0x0003521c      0x614 LINUX/depdom/DOM_Node.o
                0x0003521c                xercesc_2_6::DOM_Node::DOM_Node()
                0x0003521c                xercesc_2_6::DOM_Node::DOM_Node()
                0x00035228                xercesc_2_6::DOM_Node::DOM_Node(xercesc_2_6::NodeImpl*)
                0x00035228                xercesc_2_6::DOM_Node::DOM_Node(xercesc_2_6::NodeImpl*)
                0x00035244                xercesc_2_6::DOM_Node::DOM_Node(xercesc_2_6::DOM_Node const&)
                0x00035244                xercesc_2_6::DOM_Node::DOM_Node(xercesc_2_6::DOM_Node const&)
                0x00035260                xercesc_2_6::DOM_Node::operator=(xercesc_2_6::DOM_Node const&)
                0x00035294                xercesc_2_6::DOM_Node::operator=(xercesc_2_6::DOM_NullPtr const*)
                0x000352b4                xercesc_2_6::DOM_Node::~DOM_Node()
                0x000352b4                xercesc_2_6::DOM_Node::~DOM_Node()
                0x000352cc                xercesc_2_6::DOM_Node::operator!=(xercesc_2_6::DOM_Node const&) const
                0x000352e0                xercesc_2_6::DOM_Node::operator==(xercesc_2_6::DOM_Node const&) const
                0x000352f8                xercesc_2_6::DOM_Node::operator!=(xercesc_2_6::DOM_NullPtr const*) const
                0x00035308                xercesc_2_6::DOM_Node::operator==(xercesc_2_6::DOM_NullPtr const*) const
                0x00035318                xercesc_2_6::DOM_Node::appendChild(xercesc_2_6::DOM_Node const&)
                0x00035348                xercesc_2_6::DOM_Node::cloneNode(bool) const
                0x00035378                xercesc_2_6::DOM_Node::getNodeName() const
                0x000353cc                xercesc_2_6::DOM_Node::getNodeValue() const
                0x00035420                xercesc_2_6::DOM_Node::getNodeType() const
                0x00035438                xercesc_2_6::DOM_Node::getParentNode() const
                0x00035464                xercesc_2_6::DOM_Node::getChildNodes() const
                0x0003547c                xercesc_2_6::DOM_Node::getFirstChild() const
                0x000354a8                xercesc_2_6::DOM_Node::getLastChild() const
                0x000354d4                xercesc_2_6::DOM_Node::getPreviousSibling() const
                0x00035500                xercesc_2_6::DOM_Node::getNextSibling() const
                0x0003552c                xercesc_2_6::DOM_Node::getUserData() const
                0x00035544                xercesc_2_6::DOM_Node::getAttributes() const
                0x000355b8                xercesc_2_6::DOM_Node::getOwnerDocument() const
                0x000355e4                xercesc_2_6::DOM_Node::hasChildNodes() const
                0x000355fc                xercesc_2_6::DOM_Node::insertBefore(xercesc_2_6::DOM_Node const&, xercesc_2_6::DOM_Node const&)
                0x00035630                xercesc_2_6::DOM_Node::isNull() const
                0x00035640                xercesc_2_6::DOM_Node::replaceChild(xercesc_2_6::DOM_Node const&, xercesc_2_6::DOM_Node const&)
                0x00035674                xercesc_2_6::DOM_Node::removeChild(xercesc_2_6::DOM_Node const&)
                0x000356a4                xercesc_2_6::DOM_Node::setNodeValue(xercesc_2_6::DOMString const&)
                0x000356bc                xercesc_2_6::DOM_Node::setUserData(void*)
                0x000356d4                xercesc_2_6::DOM_Node::normalize()
                0x000356ec                xercesc_2_6::DOM_Node::isSupported(xercesc_2_6::DOMString const&, xercesc_2_6::DOMString const&) const
                0x00035704                xercesc_2_6::DOM_Node::getNamespaceURI() const
                0x00035758                xercesc_2_6::DOM_Node::getPrefix() const
                0x000357ac                xercesc_2_6::DOM_Node::getLocalName() const
                0x00035800                xercesc_2_6::DOM_Node::setPrefix(xercesc_2_6::DOMString const&)
                0x00035818                xercesc_2_6::DOM_Node::hasAttributes() const
 .text          0x00035830      0x1d8 LINUX/depdom/CommentImpl.o
                0x00035830                xercesc_2_6::CommentImpl::getNodeType()
                0x00035838                xercesc_2_6::CommentImpl::~CommentImpl()
                0x00035838                xercesc_2_6::CommentImpl::~CommentImpl()
                0x0003586c                xercesc_2_6::CommentImpl::~CommentImpl()
                0x00035888                xercesc_2_6::CommentImpl::getNodeName()
                0x000358f0                xercesc_2_6::CommentImpl::reinitCommentImpl()
                0x00035934                xercesc_2_6::CommentImpl::CommentImpl(xercesc_2_6::DocumentImpl*, xercesc_2_6::DOMString const&)
                0x00035934                xercesc_2_6::CommentImpl::CommentImpl(xercesc_2_6::DocumentImpl*, xercesc_2_6::DOMString const&)
                0x00035968                xercesc_2_6::CommentImpl::CommentImpl(xercesc_2_6::CommentImpl const&, bool)
                0x00035968                xercesc_2_6::CommentImpl::CommentImpl(xercesc_2_6::CommentImpl const&, bool)
                0x0003599c                xercesc_2_6::CommentImpl::cloneNode(bool)
 .text          0x00035a08      0x268 LINUX/depdom/DomMemDebug.o
                0x00035a08                xercesc_2_6::DomMemDebug::DomMemDebug()
                0x00035a08                xercesc_2_6::DomMemDebug::DomMemDebug()
                0x00035ab8                xercesc_2_6::DomMemDebug::~DomMemDebug()
                0x00035ab8                xercesc_2_6::DomMemDebug::~DomMemDebug()
                0x00035abc                xercesc_2_6::DomMemDebug::operator==(xercesc_2_6::DomMemDebug const&)
                0x00035b1c                xercesc_2_6::DomMemDebug::operator!=(xercesc_2_6::DomMemDebug const&)
                0x00035b30                xercesc_2_6::DomMemDebug::operator=(xercesc_2_6::DomMemDebug const&)
                0x00035b74                xercesc_2_6::DomMemDebug::print()
                0x00035bc8                xercesc_2_6::DomMemDebug::printDifference(xercesc_2_6::DomMemDebug const&)
 .text          0x00035c70       0xcc LINUX/depdom/DOM_XMLDecl.o
                0x00035c70                xercesc_2_6::DOM_XMLDecl::DOM_XMLDecl()
                0x00035c70                xercesc_2_6::DOM_XMLDecl::DOM_XMLDecl()
                0x00035c88                xercesc_2_6::DOM_XMLDecl::DOM_XMLDecl(xercesc_2_6::DOM_XMLDecl const&)
                0x00035c88                xercesc_2_6::DOM_XMLDecl::DOM_XMLDecl(xercesc_2_6::DOM_XMLDecl const&)
                0x00035c9c                xercesc_2_6::DOM_XMLDecl::DOM_XMLDecl(xercesc_2_6::XMLDeclImpl*)
                0x00035c9c                xercesc_2_6::DOM_XMLDecl::DOM_XMLDecl(xercesc_2_6::XMLDeclImpl*)
                0x00035cb0                xercesc_2_6::DOM_XMLDecl::~DOM_XMLDecl()
                0x00035cb0                xercesc_2_6::DOM_XMLDecl::~DOM_XMLDecl()
                0x00035cc4                xercesc_2_6::DOM_XMLDecl::operator=(xercesc_2_6::DOM_XMLDecl const&)
                0x00035cd0                xercesc_2_6::DOM_XMLDecl::operator=(xercesc_2_6::DOM_NullPtr const*)
                0x00035cdc                xercesc_2_6::DOM_XMLDecl::getVersion() const
                0x00035cfc                xercesc_2_6::DOM_XMLDecl::getEncoding() const
                0x00035d1c                xercesc_2_6::DOM_XMLDecl::getStandalone() const
 .text          0x00035d3c     0x11fc LINUX/depdom/NamedNodeMapImpl.o
                0x00035d3c                xercesc_2_6::NamedNodeMapImpl::~NamedNodeMapImpl()
                0x00035d3c                xercesc_2_6::NamedNodeMapImpl::~NamedNodeMapImpl()
                0x00035da0                xercesc_2_6::NamedNodeMapImpl::~NamedNodeMapImpl()
                0x00035dbc                xercesc_2_6::NamedNodeMapImpl::getLength()
                0x00035ddc                xercesc_2_6::NamedNodeMapImpl::setOwnerDocument(xercesc_2_6::DocumentImpl*)
                0x00035e34                xercesc_2_6::NamedNodeMapImpl::getNamedItem(xercesc_2_6::DOMString const&)
                0x00035e64                xercesc_2_6::NamedNodeMapImpl::item(unsigned int)
                0x00035ea0                xercesc_2_6::NamedNodeMapImpl::setReadOnly(bool, bool)
                0x00035f0c                xercesc_2_6::NamedNodeMapImpl::getNamedItemNS(xercesc_2_6::DOMString const&, xercesc_2_6::DOMString const&)
                0x00035f3c                xercesc_2_6::NamedNodeMapImpl::cloneContent(xercesc_2_6::NamedNodeMapImpl*)
                0x00036074                xercesc_2_6::NamedNodeMapImpl::removeAll()
                0x0003612c                xercesc_2_6::NamedNodeMapImpl::findNamePoint(xercesc_2_6::DOMString const&)
                0x000361f8                xercesc_2_6::NamedNodeMapImpl::removeNamedItem(xercesc_2_6::DOMString const&)
                0x00036370                xercesc_2_6::NamedNodeMapImpl::removeNamedItemNS(xercesc_2_6::DOMString const&, xercesc_2_6::DOMString const&)
                0x000364e8                xercesc_2_6::NamedNodeMapImpl::setNamedItem(xercesc_2_6::NodeImpl*)
                0x0003680c                xercesc_2_6::NamedNodeMapImpl::setNamedItemNS(xercesc_2_6::NodeImpl*)
                0x00036b6c                xercesc_2_6::NamedNodeMapImpl::findNamePoint(xercesc_2_6::DOMString const&, xercesc_2_6::DOMString const&)
                0x00036d50                xercesc_2_6::NamedNodeMapImpl::NamedNodeMapImpl(xercesc_2_6::NodeImpl*)
                0x00036d50                xercesc_2_6::NamedNodeMapImpl::NamedNodeMapImpl(xercesc_2_6::NodeImpl*)
                0x00036dbc                xercesc_2_6::NamedNodeMapImpl::cloneMap(xercesc_2_6::NodeImpl*)
                0x00036ef4                xercesc_2_6::NamedNodeMapImpl::addRef(xercesc_2_6::NamedNodeMapImpl*)
                0x00036f08                xercesc_2_6::NamedNodeMapImpl::removeRef(xercesc_2_6::NamedNodeMapImpl*)
 .text          0x00036f38     0x145c LINUX/depdom/TreeWalkerImpl.o
                0x00036f38                xercesc_2_6::TreeWalkerImpl::unreferenced()
                0x00036ff4                xercesc_2_6::TreeWalkerImpl::TreeWalkerImpl(xercesc_2_6::DOM_Node, unsigned long, xercesc_2_6::DOM_NodeFilter*, bool)
                0x00036ff4                xercesc_2_6::TreeWalkerImpl::TreeWalkerImpl(xercesc_2_6::DOM_Node, unsigned long, xercesc_2_6::DOM_NodeFilter*, bool)
                0x0003707c                xercesc_2_6::TreeWalkerImpl::TreeWalkerImpl(xercesc_2_6::TreeWalkerImpl const&)
                0x0003707c                xercesc_2_6::TreeWalkerImpl::TreeWalkerImpl(xercesc_2_6::TreeWalkerImpl const&)
                0x00037104                xercesc_2_6::TreeWalkerImpl::operator=(xercesc_2_6::TreeWalkerImpl const&)
                0x00037150                xercesc_2_6::TreeWalkerImpl::getRoot()
                0x00037168                xercesc_2_6::TreeWalkerImpl::getWhatToShow()
                0x00037170                xercesc_2_6::TreeWalkerImpl::getFilter()
                0x00037178                xercesc_2_6::TreeWalkerImpl::getExpandEntityReferences()
                0x00037180                xercesc_2_6::TreeWalkerImpl::getCurrentNode()
                0x00037198                xercesc_2_6::TreeWalkerImpl::setCurrentNode(xercesc_2_6::DOM_Node)
                0x000371a8                xercesc_2_6::TreeWalkerImpl::acceptNode(xercesc_2_6::DOM_Node)
                0x0003723c                xercesc_2_6::TreeWalkerImpl::getParentNode(xercesc_2_6::DOM_Node)
                0x00037368                xercesc_2_6::TreeWalkerImpl::parentNode()
                0x00037434                xercesc_2_6::TreeWalkerImpl::getFirstChild(xercesc_2_6::DOM_Node)
                0x00037598                xercesc_2_6::TreeWalkerImpl::getNextSibling(xercesc_2_6::DOM_Node)
                0x00037834                xercesc_2_6::TreeWalkerImpl::nextSibling()
                0x000378fc                xercesc_2_6::TreeWalkerImpl::firstChild()
                0x000379c4                xercesc_2_6::TreeWalkerImpl::nextNode()
                0x00037c14                xercesc_2_6::TreeWalkerImpl::getLastChild(xercesc_2_6::DOM_Node)